Archive member included to satisfy reference by file (symbol)

D:/devkitPro/libctru/lib\libcitro2d.a(base.o)
                              main.o (C2D_Init)
D:/devkitPro/libctru/lib\libcitro2d.a(text.o)
                              main.o (C2D_TextBufNew)
D:/devkitPro/libctru/lib\libcitro2d.a(spritesheet.o)
                              main.o (C2D_SpriteSheetLoad)
D:/devkitPro/libctru/lib\libcitro2d.a(font.o)
                              D:/devkitPro/libctru/lib\libcitro2d.a(text.o) (C2D_FontGlyphIndexFromCodePoint)
D:/devkitPro/libctru/lib\libcitro2d.a(render2d.shbin.o)
                              D:/devkitPro/libctru/lib\libcitro2d.a(base.o) (render2d_shbin)
D:/devkitPro/libctru/lib\libcitro3d.a(base.o)
                              main.o (C3D_Init)
D:/devkitPro/libctru/lib\libcitro3d.a(renderqueue.o)
                              D:/devkitPro/libctru/lib\libcitro3d.a(base.o) (C3Di_RenderQueueEnableVBlank)
D:/devkitPro/libctru/lib\libcitro3d.a(texture.o)
                              D:/devkitPro/libctru/lib\libcitro2d.a(base.o) (C3D_TexBind)
D:/devkitPro/libctru/lib\libcitro3d.a(tex3ds.o)
                              D:/devkitPro/libctru/lib\libcitro2d.a(spritesheet.o) (Tex3DS_TextureImport)
D:/devkitPro/libctru/lib\libcitro3d.a(framebuffer.o)
                              D:/devkitPro/libctru/lib\libcitro3d.a(renderqueue.o) (C3D_CalcColorBufSize)
D:/devkitPro/libctru/lib\libcitro3d.a(texenv.o)
                              D:/devkitPro/libctru/lib\libcitro2d.a(base.o) (C3D_GetTexEnv)
D:/devkitPro/libctru/lib\libcitro3d.a(drawElements.o)
                              D:/devkitPro/libctru/lib\libcitro2d.a(base.o) (C3D_DrawElements)
D:/devkitPro/libctru/lib\libcitro3d.a(proctex.o)
                              D:/devkitPro/libctru/lib\libcitro2d.a(base.o) (C3D_ProcTexInit)
D:/devkitPro/libctru/lib\libcitro3d.a(buffers.o)
                              D:/devkitPro/libctru/lib\libcitro2d.a(base.o) (BufInfo_Init)
D:/devkitPro/libctru/lib\libcitro3d.a(effect.o)
                              D:/devkitPro/libctru/lib\libcitro3d.a(base.o) (C3D_DepthMap)
D:/devkitPro/libctru/lib\libcitro3d.a(attribs.o)
                              D:/devkitPro/libctru/lib\libcitro2d.a(base.o) (AttrInfo_Init)
D:/devkitPro/libctru/lib\libcitro3d.a(immediate.o)
                              D:/devkitPro/libctru/lib\libcitro3d.a(base.o) (C3D_ImmSendAttrib)
D:/devkitPro/libctru/lib\libcitro3d.a(uniforms.o)
                              D:/devkitPro/libctru/lib\libcitro3d.a(base.o) (C3D_UpdateUniforms)
D:/devkitPro/libctru/lib\libcitro3d.a(mtx_ortho.o)
                              D:/devkitPro/libctru/lib\libcitro2d.a(base.o) (Mtx_Ortho)
D:/devkitPro/libctru/lib\libcitro3d.a(mtx_scale.o)
                              D:/devkitPro/libctru/lib\libcitro2d.a(base.o) (Mtx_Scale)
D:/devkitPro/libctru/lib\libcitro3d.a(mtx_multiply.o)
                              D:/devkitPro/libctru/lib\libcitro2d.a(base.o) (Mtx_Multiply)
D:/devkitPro/libctru/lib\libcitro3d.a(mtx_orthotilt.o)
                              D:/devkitPro/libctru/lib\libcitro2d.a(base.o) (Mtx_OrthoTilt)
D:/devkitPro/libctru/lib\libcitro3d.a(mtx_translate.o)
                              D:/devkitPro/libctru/lib\libcitro2d.a(base.o) (Mtx_Translate)
D:/devkitPro/libctru/lib\libcitro3d.a(mtx_rotatez.o)
                              D:/devkitPro/libctru/lib\libcitro2d.a(base.o) (Mtx_RotateZ)
D:/devkitPro/libctru/lib\libctru.a(vram.o)
                              D:/devkitPro/libctru/lib\libcitro3d.a(renderqueue.o) (vramAlloc)
D:/devkitPro/libctru/lib\libctru.a(linear.o)
                              D:/devkitPro/libctru/lib\libcitro2d.a(base.o) (linearAlloc)
D:/devkitPro/libctru/lib\libctru.a(mem_pool.o)
                              D:/devkitPro/libctru/lib\libctru.a(vram.o) (MemPool::Allocate(MemChunk&, unsigned long, int))
D:/devkitPro/libctru/lib\libctru.a(romfs_dev.o)
                              main.o (romfsMountSelf)
D:/devkitPro/libctru/lib\libctru.a(os.o)
                              D:/devkitPro/libctru/lib\libcitro3d.a(texture.o) (osConvertVirtToPhys)
D:/devkitPro/libctru/lib\libctru.a(path_buf.o)
                              D:/devkitPro/libctru/lib\libctru.a(romfs_dev.o) (__ctru_dev_utf16_buf)
D:/devkitPro/libctru/lib\libctru.a(font.o)
                              D:/devkitPro/libctru/lib\libcitro2d.a(text.o) (fontEnsureMapped)
D:/devkitPro/libctru/lib\libctru.a(gfx.o)
                              D:/devkitPro/libctru/lib\libcitro2d.a(base.o) (gfxIsWide)
D:/devkitPro/libctru/lib\libctru.a(shaderProgram.o)
                              D:/devkitPro/libctru/lib\libcitro2d.a(base.o) (shaderInstanceGetUniformLocation)
D:/devkitPro/libctru/lib\libctru.a(shbin.o)
                              D:/devkitPro/libctru/lib\libcitro2d.a(base.o) (DVLB_ParseFile)
D:/devkitPro/libctru/lib\libctru.a(gx.o)
[...]
Memory Configuration

Name             Origin             Length             Attributes
*default*        0x0000000000000000 0xffffffffffffffff

Linker script and memory map

                0x0000000000100000                PROVIDE (__start__ = 0x100000)
                0x0000000000100000                . = __start__

.text           0x0000000000100000    0x1a534
 *(.crt0)
 .crt0          0x0000000000100000       0x94 d:/devkitpro/devkitarm/bin/../lib/gcc/arm-none-eabi/11.2.0/../../../../arm-none-eabi/lib/armv6k/fpu/3dsx_crt0.o
                0x0000000000100000                _start
                0x0000000000100008                __service_ptr
                0x000000000010000c                __apt_appid
                0x0000000000100010                __heap_size
                0x0000000000100014                __linear_heap_size
                0x0000000000100018                __system_arglist
                0x000000000010001c                __system_runflags
 *(.init)
 .init          0x0000000000100094        0xc d:/devkitpro/devkitarm/bin/../lib/gcc/arm-none-eabi/11.2.0/armv6k/fpu/crti.o
                0x0000000000100094                _init
 .init          0x00000000001000a0        0xc d:/devkitpro/devkitarm/bin/../lib/gcc/arm-none-eabi/11.2.0/armv6k/fpu/crtn.o
                0x00000000001000ac                . = ALIGN (0x4)
 *(.text)
 .text          0x00000000001000ac      0x20c d:/devkitpro/devkitarm/bin/../lib/gcc/arm-none-eabi/11.2.0/armv6k/fpu\libgcc.a(_udivsi3.o)
                0x00000000001000ac                __aeabi_uidiv
                0x00000000001000ac                __udivsi3
                0x0000000000100298                __aeabi_uidivmod
 .text          0x00000000001002b8      0x240 d:/devkitpro/devkitarm/bin/../lib/gcc/arm-none-eabi/11.2.0/armv6k/fpu\libgcc.a(_divsi3.o)
                0x00000000001002b8                __divsi3
                0x00000000001002b8                __aeabi_idiv
                0x00000000001004d8                __aeabi_idivmod
 .text          0x00000000001004f8        0x4 d:/devkitpro/devkitarm/bin/../lib/gcc/arm-none-eabi/11.2.0/armv6k/fpu\libgcc.a(_dvmd_tls.o)
                0x00000000001004f8                __aeabi_idiv0
                0x00000000001004f8                __aeabi_ldiv0
 .text          0x00000000001004fc      0x3c0 d:/devkitpro/devkitarm/bin/../lib/gcc/arm-none-eabi/11.2.0/armv6k/fpu\libgcc.a(_arm_addsubdf3.o)
                0x00000000001004fc                __aeabi_drsub
                0x0000000000100504                __aeabi_dsub
                0x0000000000100504                __subdf3
                0x0000000000100508                __aeabi_dadd
                0x0000000000100508                __adddf3
                0x00000000001007b4                __floatunsidf
                0x00000000001007b4                __aeabi_ui2d
                0x00000000001007d8                __floatsidf
                0x00000000001007d8                __aeabi_i2d
                0x0000000000100800                __aeabi_f2d
                0x0000000000100800                __extendsfdf2
                0x0000000000100848                __floatundidf
                0x0000000000100848                __aeabi_ul2d
                0x000000000010085c                __floatdidf
                0x000000000010085c                __aeabi_l2d
 .text          0x00000000001008bc       0xd4 d:/devkitpro/devkitarm/bin/../lib/gcc/arm-none-eabi/11.2.0/armv6k/fpu\libgcc.a(_aeabi_ldivmod.o)
                0x00000000001008bc                __aeabi_ldivmod
 *fill*         0x0000000000100990       0x10 
 .text          0x00000000001009a0      0x390 d:/devkitpro/devkitarm/bin/../lib/gcc/arm-none-eabi/11.2.0/../../../../arm-none-eabi/lib/armv6k/fpu\libg.a(lib_a-strcmp.o)
                0x00000000001009a8                strcmp
 *(.text.*)
 .text.__do_global_dtors_aux
                0x0000000000100d30       0x40 d:/devkitpro/devkitarm/bin/../lib/gcc/arm-none-eabi/11.2.0/armv6k/fpu/crtbegin.o
 .text.frame_dummy
                0x0000000000100d70       0x2c d:/devkitpro/devkitarm/bin/../lib/gcc/arm-none-eabi/11.2.0/armv6k/fpu/crtbegin.o
 .text.C2D_SpriteFromSheet
                0x0000000000100d9c       0x64 main.o
 .text.C2D_DrawSprite
                0x0000000000100e00       0x10 main.o
 .text.mapRow   0x0000000000100e10       0x48 main.o
                0x0000000000100e10                mapRow
 .text.fillTower
                0x0000000000100e58      0x1f4 main.o
                0x0000000000100e58                fillTower
 .text.startup.main
                0x000000000010104c     0x1710 main.o
                0x000000000010104c                main
 .text.C2Di_FrameEndHook
                0x000000000010275c       0x44 D:/devkitPro/libctru/lib\libcitro2d.a(base.o)
 .text.C2D_Init
                0x00000000001027a0      0x36c D:/devkitPro/libctru/lib\libcitro2d.a(base.o)
                0x00000000001027a0                C2D_Init
 .text.C2D_Fini
                0x0000000000102b0c       0x4c D:/devkitPro/libctru/lib\libcitro2d.a(base.o)
                0x0000000000102b0c                C2D_Fini
 .text.C2D_Prepare
                0x0000000000102b58       0xb8 D:/devkitPro/libctru/lib\libcitro2d.a(base.o)
                0x0000000000102b58                C2D_Prepare
 .text.C2D_Flush
                0x0000000000102c10       0x48 D:/devkitPro/libctru/lib\libcitro2d.a(base.o)
                0x0000000000102c10                C2D_Flush
 .text.C2D_SceneSize
                0x0000000000102c58      0x104 D:/devkitPro/libctru/lib\libcitro2d.a(base.o)
                0x0000000000102c58                C2D_SceneSize
 .text.C2D_CreateScreenTarget
                0x0000000000102d5c       0x58 D:/devkitPro/libctru/lib\libcitro2d.a(base.o)
                0x0000000000102d5c                C2D_CreateScreenTarget
 .text.C2D_TargetClear
                0x0000000000102db4       0x64 D:/devkitPro/libctru/lib\libcitro2d.a(base.o)
                0x0000000000102db4                C2D_TargetClear
 .text.C2Di_CalcQuad
                0x0000000000102e18      0x13c D:/devkitPro/libctru/lib\libcitro2d.a(base.o)
                0x0000000000102e18                C2Di_CalcQuad
 .text.C2Di_AppendQuad
                0x0000000000102f54       0x58 D:/devkitPro/libctru/lib\libcitro2d.a(base.o)
                0x0000000000102f54                C2Di_AppendQuad
 .text.C2Di_AppendVtx
                0x0000000000102fac       0x40 D:/devkitPro/libctru/lib\libcitro2d.a(base.o)
                0x0000000000102fac                C2Di_AppendVtx
 .text.C2Di_Update
                0x0000000000102fec      0x550 D:/devkitPro/libctru/lib\libcitro2d.a(base.o)
                0x0000000000102fec                C2Di_Update
 .text.C2D_DrawImage
                0x000000000010353c      0x2b0 D:/devkitPro/libctru/lib\libcitro2d.a(base.o)
                0x000000000010353c                C2D_DrawImage
 .text.C2Di_GlyphComp
                0x00000000001037ec       0x18 D:/devkitPro/libctru/lib\libcitro2d.a(text.o)
 .text.C2Di_CalcLineWidths
                0x0000000000103804      0x140 D:/devkitPro/libctru/lib\libcitro2d.a(text.o)
 .text.C2D_TextBufNew
                0x0000000000103944      0x1dc D:/devkitPro/libctru/lib\libcitro2d.a(text.o)
                0x0000000000103944                C2D_TextBufNew
 .text.C2D_TextFontParseLine
                0x0000000000103b20      0x1c8 D:/devkitPro/libctru/lib\libcitro2d.a(text.o)
                0x0000000000103b20                C2D_TextFontParseLine
 .text.C2D_TextFontParse
                0x0000000000103ce8       0xa8 D:/devkitPro/libctru/lib\libcitro2d.a(text.o)
                0x0000000000103ce8                C2D_TextFontParse
 .text.C2D_TextParse
                0x0000000000103d90       0x14 D:/devkitPro/libctru/lib\libcitro2d.a(text.o)
                0x0000000000103d90                C2D_TextParse
 .text.C2D_TextOptimize
                0x0000000000103da4       0x30 D:/devkitPro/libctru/lib\libcitro2d.a(text.o)
                0x0000000000103da4                C2D_TextOptimize
 .text.C2D_DrawText
                0x0000000000103dd4      0xf6c D:/devkitPro/libctru/lib\libcitro2d.a(text.o)
                0x0000000000103dd4                C2D_DrawText
 .text.C2D_SpriteSheetLoadFromHandle
                0x0000000000104d40       0x6c D:/devkitPro/libctru/lib\libcitro2d.a(spritesheet.o)
                0x0000000000104d40                C2D_SpriteSheetLoadFromHandle
 .text.C2D_SpriteSheetLoad
                0x0000000000104dac       0x48 D:/devkitPro/libctru/lib\libcitro2d.a(spritesheet.o)
                0x0000000000104dac                C2D_SpriteSheetLoad
 .text.C2D_SpriteSheetFree
                0x0000000000104df4       0x28 D:/devkitPro/libctru/lib\libcitro2d.a(spritesheet.o)
                0x0000000000104df4                C2D_SpriteSheetFree
 .text.C2D_SpriteSheetCount
                0x0000000000104e1c        0x8 D:/devkitPro/libctru/lib\libcitro2d.a(spritesheet.o)
                0x0000000000104e1c                C2D_SpriteSheetCount
 .text.C2D_SpriteSheetGetImage
                0x0000000000104e24       0x2c D:/devkitPro/libctru/lib\libcitro2d.a(spritesheet.o)
                0x0000000000104e24                C2D_SpriteSheetGetImage
 .text.C2D_FontGlyphIndexFromCodePoint
                0x0000000000104e50       0x44 D:/devkitPro/libctru/lib\libcitro2d.a(font.o)
                0x0000000000104e50                C2D_FontGlyphIndexFromCodePoint
 .text.C2D_FontCalcGlyphPos
                0x0000000000104e94       0x78 D:/devkitPro/libctru/lib\libcitro2d.a(font.o)
                0x0000000000104e94                C2D_FontCalcGlyphPos
 .text.C3Di_LightEnvUpdate
                0x0000000000104f0c        0x4 D:/devkitPro/libctru/lib\libcitro3d.a(base.o)
                0x0000000000104f0c                C3Di_LightEnvUpdate
 .text.C3Di_LightEnvDirty
                0x0000000000104f10        0x4 D:/devkitPro/libctru/lib\libcitro3d.a(base.o)
                0x0000000000104f10                C3Di_LightEnvDirty
 .text.C3Di_AptEventHook
                0x0000000000104f14       0xb4 D:/devkitPro/libctru/lib\libcitro3d.a(base.o)
 .text.C3Di_GasUpdate
                0x0000000000104fc8        0x4 D:/devkitPro/libctru/lib\libcitro3d.a(base.o)
                0x0000000000104fc8                C3Di_GasUpdate
 .text.C3D_Init
                0x0000000000104fcc      0x1e0 D:/devkitPro/libctru/lib\libcitro3d.a(base.o)
                0x0000000000104fcc                C3D_Init
 .text.C3D_SetViewport
                0x00000000001051ac       0x98 D:/devkitPro/libctru/lib\libcitro3d.a(base.o)
                0x00000000001051ac                C3D_SetViewport
 .text.C3Di_UpdateContext
                0x0000000000105244      0x4e8 D:/devkitPro/libctru/lib\libcitro3d.a(base.o)
                0x0000000000105244                C3Di_UpdateContext
 .text.C3Di_SplitFrame
                0x000000000010572c       0xe0 D:/devkitPro/libctru/lib\libcitro3d.a(base.o)
                0x000000000010572c                C3Di_SplitFrame
 .text.C3D_Fini
                0x000000000010580c       0x44 D:/devkitPro/libctru/lib\libcitro3d.a(base.o)
                0x000000000010580c                C3D_Fini
 .text.C3D_BindProgram
                0x0000000000105850      0x114 D:/devkitPro/libctru/lib\libcitro3d.a(base.o)
                0x0000000000105850                C3D_BindProgram
 .text.onVBlank0
                0x0000000000105964       0x4c D:/devkitPro/libctru/lib\libcitro3d.a(renderqueue.o)
 .text.onVBlank1
                0x00000000001059b0       0x4c D:/devkitPro/libctru/lib\libcitro3d.a(renderqueue.o)
 .text.C3Di_RenderTargetDestroy
                0x00000000001059fc       0x80 D:/devkitPro/libctru/lib\libcitro3d.a(renderqueue.o)
 .text.onQueueFinish
                0x0000000000105a7c       0xf4 D:/devkitPro/libctru/lib\libcitro3d.a(renderqueue.o)
 .text.C3Di_RenderQueueEnableVBlank
                0x0000000000105b70       0x38 D:/devkitPro/libctru/lib\libcitro3d.a(renderqueue.o)
                0x0000000000105b70                C3Di_RenderQueueEnableVBlank
 .text.C3Di_RenderQueueDisableVBlank
                0x0000000000105ba8       0x30 D:/devkitPro/libctru/lib\libcitro3d.a(renderqueue.o)
                0x0000000000105ba8                C3Di_RenderQueueDisableVBlank
 .text.C3Di_RenderQueueInit
                0x0000000000105bd8       0x60 D:/devkitPro/libctru/lib\libcitro3d.a(renderqueue.o)
                0x0000000000105bd8                C3Di_RenderQueueInit
 .text.C3Di_RenderQueueExit
                0x0000000000105c38       0xb0 D:/devkitPro/libctru/lib\libcitro3d.a(renderqueue.o)
                0x0000000000105c38                C3Di_RenderQueueExit
 .text.C3Di_RenderQueueWaitDone
                0x0000000000105ce8       0x34 D:/devkitPro/libctru/lib\libcitro3d.a(renderqueue.o)
                0x0000000000105ce8                C3Di_RenderQueueWaitDone
 .text.C3D_FrameBegin
                0x0000000000105d1c       0xe4 D:/devkitPro/libctru/lib\libcitro3d.a(renderqueue.o)
                0x0000000000105d1c                C3D_FrameBegin
 .text.C3D_FrameDrawOn
                0x0000000000105e00       0x48 D:/devkitPro/libctru/lib\libcitro3d.a(renderqueue.o)
                0x0000000000105e00                C3D_FrameDrawOn
 .text.C3D_FrameSplit
                0x0000000000105e48       0x58 D:/devkitPro/libctru/lib\libcitro3d.a(renderqueue.o)
                0x0000000000105e48                C3D_FrameSplit
 .text.C3D_FrameEnd
                0x0000000000105ea0      0x1d8 D:/devkitPro/libctru/lib\libcitro3d.a(renderqueue.o)
                0x0000000000105ea0                C3D_FrameEnd
 .text.C3D_FrameEndHook
                0x0000000000106078       0x1c D:/devkitPro/libctru/lib\libcitro3d.a(renderqueue.o)
                0x0000000000106078                C3D_FrameEndHook
 .text.C3D_RenderTargetCreate
                0x0000000000106094      0x184 D:/devkitPro/libctru/lib\libcitro3d.a(renderqueue.o)
                0x0000000000106094                C3D_RenderTargetCreate
 .text.C3D_RenderTargetSetOutput
                0x0000000000106218       0xa8 D:/devkitPro/libctru/lib\libcitro3d.a(renderqueue.o)
                0x0000000000106218                C3D_RenderTargetSetOutput
 .text.C3D_SyncTextureCopy
                0x00000000001062c0       0xfc D:/devkitPro/libctru/lib\libcitro3d.a(renderqueue.o)
                0x00000000001062c0                C3D_SyncTextureCopy
 .text.C3D_TexInitWithParams
                0x00000000001063bc      0x294 D:/devkitPro/libctru/lib\libcitro3d.a(texture.o)
                0x00000000001063bc                C3D_TexInitWithParams
 .text.C3D_TexLoadImage
                0x0000000000106650       0xc8 D:/devkitPro/libctru/lib\libcitro3d.a(texture.o)
                0x0000000000106650                C3D_TexLoadImage
 .text.C3D_TexBind
                0x0000000000106718       0x44 D:/devkitPro/libctru/lib\libcitro3d.a(texture.o)
                0x0000000000106718                C3D_TexBind
 .text.C3D_TexDelete
                0x000000000010675c       0x74 D:/devkitPro/libctru/lib\libcitro3d.a(texture.o)
                0x000000000010675c                C3D_TexDelete
 .text.C3Di_SetTex
                0x00000000001067d0      0x16c D:/devkitPro/libctru/lib\libcitro3d.a(texture.o)
                0x00000000001067d0                C3Di_SetTex
 .text.Tex3DSi_ImportCommon
                0x000000000010693c      0x3f4 D:/devkitPro/libctru/lib\libcitro3d.a(tex3ds.o)
 .text.Tex3DS_TextureImportStdio
                0x0000000000106d30       0x38 D:/devkitPro/libctru/lib\libcitro3d.a(tex3ds.o)
                0x0000000000106d30                Tex3DS_TextureImportStdio
 .text.Tex3DS_GetNumSubTextures
                0x0000000000106d68        0x8 D:/devkitPro/libctru/lib\libcitro3d.a(tex3ds.o)
                0x0000000000106d68                Tex3DS_GetNumSubTextures
 .text.Tex3DS_GetSubTexture
                0x0000000000106d70       0x1c D:/devkitPro/libctru/lib\libcitro3d.a(tex3ds.o)
                0x0000000000106d70                Tex3DS_GetSubTexture
 .text.Tex3DS_TextureFree
                0x0000000000106d8c        0x4 D:/devkitPro/libctru/lib\libcitro3d.a(tex3ds.o)
                0x0000000000106d8c                Tex3DS_TextureFree
 .text.C3D_CalcColorBufSize
                0x0000000000106d90       0x1c D:/devkitPro/libctru/lib\libcitro3d.a(framebuffer.o)
                0x0000000000106d90                C3D_CalcColorBufSize
 .text.C3D_CalcDepthBufSize
                0x0000000000106dac       0x1c D:/devkitPro/libctru/lib\libcitro3d.a(framebuffer.o)
                0x0000000000106dac                C3D_CalcDepthBufSize
 .text.C3D_SetFrameBuf
                0x0000000000106dc8       0x44 D:/devkitPro/libctru/lib\libcitro3d.a(framebuffer.o)
                0x0000000000106dc8                C3D_SetFrameBuf
 .text.C3Di_FrameBufBind
                0x0000000000106e0c      0x16c D:/devkitPro/libctru/lib\libcitro3d.a(framebuffer.o)
                0x0000000000106e0c                C3Di_FrameBufBind
 .text.C3D_FrameBufClear
                0x0000000000106f78       0xc8 D:/devkitPro/libctru/lib\libcitro3d.a(framebuffer.o)
                0x0000000000106f78                C3D_FrameBufClear
 .text.C3D_FrameBufTransfer
                0x0000000000107040       0x44 D:/devkitPro/libctru/lib\libcitro3d.a(framebuffer.o)
                0x0000000000107040                C3D_FrameBufTransfer
 .text.C3D_GetTexEnv
                0x0000000000107084       0x34 D:/devkitPro/libctru/lib\libcitro3d.a(texenv.o)
                0x0000000000107084                C3D_GetTexEnv
 .text.C3Di_TexEnvBind
                0x00000000001070b8       0x24 D:/devkitPro/libctru/lib\libcitro3d.a(texenv.o)
                0x00000000001070b8                C3Di_TexEnvBind
 .text.C3D_DrawElements
                0x00000000001070dc      0x218 D:/devkitPro/libctru/lib\libcitro3d.a(drawElements.o)
                0x00000000001070dc                C3D_DrawElements
 .text.C3D_ProcTexInit
                0x00000000001072f4       0x70 D:/devkitPro/libctru/lib\libcitro3d.a(proctex.o)
                0x00000000001072f4                C3D_ProcTexInit
 .text.C3D_ProcTexBind
                0x0000000000107364       0x54 D:/devkitPro/libctru/lib\libcitro3d.a(proctex.o)
                0x0000000000107364                C3D_ProcTexBind
 .text.C3D_ProcTexLutBind
                0x00000000001073b8       0x5c D:/devkitPro/libctru/lib\libcitro3d.a(proctex.o)
                0x00000000001073b8                C3D_ProcTexLutBind
 .text.ProcTexLut_FromArray
                0x0000000000107414       0xa4 D:/devkitPro/libctru/lib\libcitro3d.a(proctex.o)
                0x0000000000107414                ProcTexLut_FromArray
 .text.C3Di_ProcTexUpdate
                0x00000000001074b8      0x17c D:/devkitPro/libctru/lib\libcitro3d.a(proctex.o)
                0x00000000001074b8                C3Di_ProcTexUpdate
 .text.C3Di_ProcTexDirty
                0x0000000000107634       0x68 D:/devkitPro/libctru/lib\libcitro3d.a(proctex.o)
                0x0000000000107634                C3Di_ProcTexDirty
 .text.BufInfo_Init
                0x000000000010769c       0x24 D:/devkitPro/libctru/lib\libcitro3d.a(buffers.o)
                0x000000000010769c                BufInfo_Init
 .text.BufInfo_Add
                0x00000000001076c0       0x80 D:/devkitPro/libctru/lib\libcitro3d.a(buffers.o)
                0x00000000001076c0                BufInfo_Add
 .text.C3D_SetBufInfo
                0x0000000000107740       0x40 D:/devkitPro/libctru/lib\libcitro3d.a(buffers.o)
                0x0000000000107740                C3D_SetBufInfo
 .text.C3Di_BufInfoBind
                0x0000000000107780       0x48 D:/devkitPro/libctru/lib\libcitro3d.a(buffers.o)
                0x0000000000107780                C3Di_BufInfoBind
 .text.C3D_DepthMap
                0x00000000001077c8       0x40 D:/devkitPro/libctru/lib\libcitro3d.a(effect.o)
                0x00000000001077c8                C3D_DepthMap
 .text.C3D_CullFace
                0x0000000000107808       0x1c D:/devkitPro/libctru/lib\libcitro3d.a(effect.o)
                0x0000000000107808                C3D_CullFace
 .text.C3D_StencilTest
                0x0000000000107824       0x40 D:/devkitPro/libctru/lib\libcitro3d.a(effect.o)
                0x0000000000107824                C3D_StencilTest
 .text.C3D_StencilOp
                0x0000000000107864       0x24 D:/devkitPro/libctru/lib\libcitro3d.a(effect.o)
                0x0000000000107864                C3D_StencilOp
 .text.C3D_BlendingColor
                0x0000000000107888       0x1c D:/devkitPro/libctru/lib\libcitro3d.a(effect.o)
                0x0000000000107888                C3D_BlendingColor
 .text.C3D_EarlyDepthTest
                0x00000000001078a4       0x24 D:/devkitPro/libctru/lib\libcitro3d.a(effect.o)
                0x00000000001078a4                C3D_EarlyDepthTest
 .text.C3D_DepthTest
                0x00000000001078c8       0x2c D:/devkitPro/libctru/lib\libcitro3d.a(effect.o)
                0x00000000001078c8                C3D_DepthTest
 .text.C3D_AlphaTest
                0x00000000001078f4       0x2c D:/devkitPro/libctru/lib\libcitro3d.a(effect.o)
                0x00000000001078f4                C3D_AlphaTest
 .text.C3D_AlphaBlend
                0x0000000000107920       0x50 D:/devkitPro/libctru/lib\libcitro3d.a(effect.o)
                0x0000000000107920                C3D_AlphaBlend
 .text.C3D_FragOpMode
                0x0000000000107970       0x30 D:/devkitPro/libctru/lib\libcitro3d.a(effect.o)
                0x0000000000107970                C3D_FragOpMode
 .text.C3D_FragOpShadow
                0x00000000001079a0       0x44 D:/devkitPro/libctru/lib\libcitro3d.a(effect.o)
                0x00000000001079a0                C3D_FragOpShadow
 .text.C3Di_EffectBind
                0x00000000001079e4      0x1ac D:/devkitPro/libctru/lib\libcitro3d.a(effect.o)
                0x00000000001079e4                C3Di_EffectBind
 .text.AttrInfo_Init
                0x0000000000107b90       0x28 D:/devkitPro/libctru/lib\libcitro3d.a(attribs.o)
                0x0000000000107b90                AttrInfo_Init
 .text.AttrInfo_AddLoader
                0x0000000000107bb8       0x94 D:/devkitPro/libctru/lib\libcitro3d.a(attribs.o)
                0x0000000000107bb8                AttrInfo_AddLoader
 .text.C3D_SetAttrInfo
                0x0000000000107c4c       0x54 D:/devkitPro/libctru/lib\libcitro3d.a(attribs.o)
                0x0000000000107c4c                C3D_SetAttrInfo
 .text.C3Di_AttrInfoBind
                0x0000000000107ca0       0x80 D:/devkitPro/libctru/lib\libcitro3d.a(attribs.o)
                0x0000000000107ca0                C3Di_AttrInfoBind
 .text.C3D_ImmSendAttrib
                0x0000000000107d20       0xa8 D:/devkitPro/libctru/lib\libcitro3d.a(immediate.o)
                0x0000000000107d20                C3D_ImmSendAttrib
 .text.C3D_UpdateUniforms
                0x0000000000107dc8      0x280 D:/devkitPro/libctru/lib\libcitro3d.a(uniforms.o)
                0x0000000000107dc8                C3D_UpdateUniforms
 .text.C3Di_DirtyUniforms
                0x0000000000108048       0xc0 D:/devkitPro/libctru/lib\libcitro3d.a(uniforms.o)
                0x0000000000108048                C3Di_DirtyUniforms
 .text.C3Di_LoadShaderUniforms
                0x0000000000108108       0xd8 D:/devkitPro/libctru/lib\libcitro3d.a(uniforms.o)
                0x0000000000108108                C3Di_LoadShaderUniforms
 .text.C3Di_ClearShaderUniforms
                0x00000000001081e0       0x28 D:/devkitPro/libctru/lib\libcitro3d.a(uniforms.o)
                0x00000000001081e0                C3Di_ClearShaderUniforms
 .text.Mtx_Ortho
                0x0000000000108208       0xcc D:/devkitPro/libctru/lib\libcitro3d.a(mtx_ortho.o)
                0x0000000000108208                Mtx_Ortho
 .text.Mtx_OrthoTilt
                0x00000000001082d4       0xcc D:/devkitPro/libctru/lib\libcitro3d.a(mtx_orthotilt.o)
                0x00000000001082d4                Mtx_OrthoTilt
 .text._ZL21addrMapNodeComparatorPK11rbtree_nodeS1_
                0x00000000001083a0       0x24 D:/devkitPro/libctru/lib\libctru.a(vram.o)
 .text._ZL21addrMapNodeDestructorP11rbtree_node
                0x00000000001083c4        0x4 D:/devkitPro/libctru/lib\libctru.a(vram.o)
 .text.vramMemAlignAt
                0x00000000001083c8      0x258 D:/devkitPro/libctru/lib\libctru.a(vram.o)
                0x00000000001083c8                vramMemAlignAt
 .text.vramAlloc
                0x0000000000108620        0xc D:/devkitPro/libctru/lib\libctru.a(vram.o)
                0x0000000000108620                vramAlloc
 .text.vramAllocAt
                0x000000000010862c        0xc D:/devkitPro/libctru/lib\libctru.a(vram.o)
                0x000000000010862c                vramAllocAt
 .text.vramFree
                0x0000000000108638       0x90 D:/devkitPro/libctru/lib\libctru.a(vram.o)
                0x0000000000108638                vramFree
 .text._ZL21addrMapNodeComparatorPK11rbtree_nodeS1_
                0x00000000001086c8       0x24 D:/devkitPro/libctru/lib\libctru.a(linear.o)
 .text._ZL21addrMapNodeDestructorP11rbtree_node
                0x00000000001086ec        0x4 D:/devkitPro/libctru/lib\libctru.a(linear.o)
 .text.linearMemAlign
                0x00000000001086f0      0x130 D:/devkitPro/libctru/lib\libctru.a(linear.o)
                0x00000000001086f0                linearMemAlign
 .text.linearAlloc
                0x0000000000108820        0x8 D:/devkitPro/libctru/lib\libctru.a(linear.o)
                0x0000000000108820                linearAlloc
 .text.linearFree
                0x0000000000108828       0x5c D:/devkitPro/libctru/lib\libctru.a(linear.o)
                0x0000000000108828                linearFree
 .text._ZN7MemPool13CoalesceRightEP8MemBlock
                0x0000000000108884       0x80 D:/devkitPro/libctru/lib\libctru.a(mem_pool.o)
                0x0000000000108884                MemPool::CoalesceRight(MemBlock*)
 .text._ZN7MemPool8AllocateER8MemChunkmi
                0x0000000000108904      0x174 D:/devkitPro/libctru/lib\libctru.a(mem_pool.o)
                0x0000000000108904                MemPool::Allocate(MemChunk&, unsigned long, int)
 .text._ZN7MemPool10DeallocateERK8MemChunk
                0x0000000000108a78       0xfc D:/devkitPro/libctru/lib\libctru.a(mem_pool.o)
                0x0000000000108a78                MemPool::Deallocate(MemChunk const&)
 .text._ZN7MemPool12GetFreeSpaceEv
                0x0000000000108b74       0x30 D:/devkitPro/libctru/lib\libctru.a(mem_pool.o)
                0x0000000000108b74                MemPool::GetFreeSpace()
 .text.romfs_close
                0x0000000000108ba4        0x8 D:/devkitPro/libctru/lib\libctru.a(romfs_dev.o)
 .text.romfs_seek
                0x0000000000108bac       0xc4 D:/devkitPro/libctru/lib\libctru.a(romfs_dev.o)
 .text.romfs_dirreset
                0x0000000000108c70       0x24 D:/devkitPro/libctru/lib\libctru.a(romfs_dev.o)
 .text.fill_dir
                0x0000000000108c94       0xc8 D:/devkitPro/libctru/lib\libctru.a(romfs_dev.o)
 .text.romfs_dirnext
                0x0000000000108d5c      0x2b0 D:/devkitPro/libctru/lib\libctru.a(romfs_dev.o)
 .text.romfs_free
                0x000000000010900c       0x84 D:/devkitPro/libctru/lib\libctru.a(romfs_dev.o)
 .text.searchForFile.constprop.0
                0x0000000000109090       0xd4 D:/devkitPro/libctru/lib\libctru.a(romfs_dev.o)
 .text.searchForDir.constprop.0
                0x0000000000109164       0xd8 D:/devkitPro/libctru/lib\libctru.a(romfs_dev.o)
 .text.navigateToDir.constprop.0
                0x000000000010923c      0x1c0 D:/devkitPro/libctru/lib\libctru.a(romfs_dev.o)
 .text.romfs_open
                0x00000000001093fc      0x128 D:/devkitPro/libctru/lib\libctru.a(romfs_dev.o)
 .text.romfs_chdir
                0x0000000000109524       0x4c D:/devkitPro/libctru/lib\libctru.a(romfs_dev.o)
 .text.romfs_diropen
                0x0000000000109570       0x70 D:/devkitPro/libctru/lib\libctru.a(romfs_dev.o)
 .text.romfs_stat
                0x00000000001095e0      0x17c D:/devkitPro/libctru/lib\libctru.a(romfs_dev.o)
 .text.romfs_dirclose
                0x000000000010975c        0x8 D:/devkitPro/libctru/lib\libctru.a(romfs_dev.o)
 .text.romfs_fstat
                0x0000000000109764       0x7c D:/devkitPro/libctru/lib\libctru.a(romfs_dev.o)
 .text.romfs_read
                0x00000000001097e0       0xd0 D:/devkitPro/libctru/lib\libctru.a(romfs_dev.o)
 .text.romfsMountFromFile
                0x00000000001098b0      0x290 D:/devkitPro/libctru/lib\libctru.a(romfs_dev.o)
                0x00000000001098b0                romfsMountFromFile
 .text.romfsMountFromCurrentProcess
                0x0000000000109b40       0x98 D:/devkitPro/libctru/lib\libctru.a(romfs_dev.o)
                0x0000000000109b40                romfsMountFromCurrentProcess
 .text.romfsMountSelf
                0x0000000000109bd8      0x260 D:/devkitPro/libctru/lib\libctru.a(romfs_dev.o)
                0x0000000000109bd8                romfsMountSelf
 .text.romfsUnmount
                0x0000000000109e38       0xac D:/devkitPro/libctru/lib\libctru.a(romfs_dev.o)
                0x0000000000109e38                romfsUnmount
 .text.osConvertVirtToPhys
                0x0000000000109ee4       0x74 D:/devkitPro/libctru/lib\libctru.a(os.o)
                0x0000000000109ee4                osConvertVirtToPhys
 .text.osGetTimeRef
                0x0000000000109f58       0x54 D:/devkitPro/libctru/lib\libctru.a(os.o)
                0x0000000000109f58                osGetTimeRef
 .text.osGetTime
                0x0000000000109fac       0xec D:/devkitPro/libctru/lib\libctru.a(os.o)
                0x0000000000109fac                osGetTime
 .text.__ctru_speedup_config
                0x000000000010a098       0x34 D:/devkitPro/libctru/lib\libctru.a(os.o)
                0x000000000010a098                __ctru_speedup_config
 .text.fontEnsureMapped
                0x000000000010a0cc       0x9c D:/devkitPro/libctru/lib\libctru.a(font.o)
                0x000000000010a0cc                fontEnsureMapped
 .text.fontGlyphIndexFromCodePoint
                0x000000000010a168       0xf8 D:/devkitPro/libctru/lib\libctru.a(font.o)
                0x000000000010a168                fontGlyphIndexFromCodePoint
 .text.fontGetCharWidthInfo
                0x000000000010a260       0x6c D:/devkitPro/libctru/lib\libctru.a(font.o)
                0x000000000010a260                fontGetCharWidthInfo
 .text.fontCalcGlyphPos
                0x000000000010a2cc      0x1c0 D:/devkitPro/libctru/lib\libctru.a(font.o)
                0x000000000010a2cc                fontCalcGlyphPos
 .text.gfxPresentFramebuffer
                0x000000000010a48c       0xd0 D:/devkitPro/libctru/lib\libctru.a(gfx.o)
 .text.gfxIsWide
                0x000000000010a55c       0x1c D:/devkitPro/libctru/lib\libctru.a(gfx.o)
                0x000000000010a55c                gfxIsWide
 .text.gfxSetScreenFormat
                0x000000000010a578       0xec D:/devkitPro/libctru/lib\libctru.a(gfx.o)
                0x000000000010a578                gfxSetScreenFormat
 .text.gfxInit  0x000000000010a664       0xe8 D:/devkitPro/libctru/lib\libctru.a(gfx.o)
                0x000000000010a664                gfxInit
 .text.gfxInitDefault
                0x000000000010a74c       0x10 D:/devkitPro/libctru/lib\libctru.a(gfx.o)
                0x000000000010a74c                gfxInitDefault
 .text.gfxExit  0x000000000010a75c       0xb4 D:/devkitPro/libctru/lib\libctru.a(gfx.o)
                0x000000000010a75c                gfxExit
 .text.gfxGetFramebuffer
                0x000000000010a810       0xa0 D:/devkitPro/libctru/lib\libctru.a(gfx.o)
                0x000000000010a810                gfxGetFramebuffer
 .text.gfxScreenSwapBuffers
                0x000000000010a8b0       0x30 D:/devkitPro/libctru/lib\libctru.a(gfx.o)
                0x000000000010a8b0                gfxScreenSwapBuffers
 .text.shaderInstanceInit
                0x000000000010a8e0      0x1dc D:/devkitPro/libctru/lib\libctru.a(shaderProgram.o)
                0x000000000010a8e0                shaderInstanceInit
 .text.shaderInstanceGetUniformLocation
                0x000000000010aabc       0x18 D:/devkitPro/libctru/lib\libctru.a(shaderProgram.o)
                0x000000000010aabc                shaderInstanceGetUniformLocation
 .text.shaderProgramInit
                0x000000000010aad4       0x1c D:/devkitPro/libctru/lib\libctru.a(shaderProgram.o)
                0x000000000010aad4                shaderProgramInit
 .text.shaderProgramFree
                0x000000000010aaf0       0x64 D:/devkitPro/libctru/lib\libctru.a(shaderProgram.o)
                0x000000000010aaf0                shaderProgramFree
 .text.shaderProgramSetVsh
                0x000000000010ab54       0x80 D:/devkitPro/libctru/lib\libctru.a(shaderProgram.o)
                0x000000000010ab54                shaderProgramSetVsh
 .text.shaderProgramConfigure
                0x000000000010abd4      0x8c8 D:/devkitPro/libctru/lib\libctru.a(shaderProgram.o)
                0x000000000010abd4                shaderProgramConfigure
 .text.DVLE_GenerateOutmap.part.0
                0x000000000010b49c      0x1f8 D:/devkitPro/libctru/lib\libctru.a(shbin.o)
 .text.DVLB_ParseFile
                0x000000000010b694      0x1cc D:/devkitPro/libctru/lib\libctru.a(shbin.o)
                0x000000000010b694                DVLB_ParseFile
 .text.DVLB_Free
                0x000000000010b860       0x38 D:/devkitPro/libctru/lib\libctru.a(shbin.o)
                0x000000000010b860                DVLB_Free
 .text.DVLE_GetUniformRegister
                0x000000000010b898       0x74 D:/devkitPro/libctru/lib\libctru.a(shbin.o)
                0x000000000010b898                DVLE_GetUniformRegister
 .text.GX_BindQueue
                0x000000000010b90c       0x10 D:/devkitPro/libctru/lib\libctru.a(gx.o)
                0x000000000010b90c                GX_BindQueue
 .text.GX_ProcessCommandList
                0x000000000010b91c       0x78 D:/devkitPro/libctru/lib\libctru.a(gx.o)
                0x000000000010b91c                GX_ProcessCommandList
 .text.GX_MemoryFill
                0x000000000010b994       0x74 D:/devkitPro/libctru/lib\libctru.a(gx.o)
                0x000000000010b994                GX_MemoryFill
 .text.GX_DisplayTransfer
                0x000000000010ba08       0x70 D:/devkitPro/libctru/lib\libctru.a(gx.o)
                0x000000000010ba08                GX_DisplayTransfer
 .text.GX_TextureCopy
                0x000000000010ba78       0x74 D:/devkitPro/libctru/lib\libctru.a(gx.o)
                0x000000000010ba78                GX_TextureCopy
 .text.gxCmdQueueDoCommands.part.0
                0x000000000010baec       0x68 D:/devkitPro/libctru/lib\libctru.a(gxqueue.o)
 .text.gxCmdQueueInterrupt
                0x000000000010bb54       0xc8 D:/devkitPro/libctru/lib\libctru.a(gxqueue.o)
                0x000000000010bb54                gxCmdQueueInterrupt
 .text.gxCmdQueueClear
                0x000000000010bc1c       0x4c D:/devkitPro/libctru/lib\libctru.a(gxqueue.o)
                0x000000000010bc1c                gxCmdQueueClear
 .text.gxCmdQueueAdd
                0x000000000010bc68       0xf8 D:/devkitPro/libctru/lib\libctru.a(gxqueue.o)
                0x000000000010bc68                gxCmdQueueAdd
 .text.gxCmdQueueRun
                0x000000000010bd60       0x80 D:/devkitPro/libctru/lib\libctru.a(gxqueue.o)
                0x000000000010bd60                gxCmdQueueRun
 .text.gxCmdQueueStop
                0x000000000010bde0       0x60 D:/devkitPro/libctru/lib\libctru.a(gxqueue.o)
                0x000000000010bde0                gxCmdQueueStop
 .text.gxCmdQueueWait
                0x000000000010be40       0x74 D:/devkitPro/libctru/lib\libctru.a(gxqueue.o)
                0x000000000010be40                gxCmdQueueWait
 .text.GPUCMD_Add
                0x000000000010beb4      0x13c D:/devkitPro/libctru/lib\libctru.a(gpu.o)
                0x000000000010beb4                GPUCMD_Add
 .text.GPUCMD_Split
                0x000000000010bff0       0xb0 D:/devkitPro/libctru/lib\libctru.a(gpu.o)
                0x000000000010bff0                GPUCMD_Split
 .text.f32tof16
                0x000000000010c0a0       0x40 D:/devkitPro/libctru/lib\libctru.a(gpu.o)
                0x000000000010c0a0                f32tof16
 .text.f32tof24
                0x000000000010c0e0       0x40 D:/devkitPro/libctru/lib\libctru.a(gpu.o)
                0x000000000010c0e0                f32tof24
 .text.f32tof31
                0x000000000010c120       0x44 D:/devkitPro/libctru/lib\libctru.a(gpu.o)
                0x000000000010c120                f32tof31
 .text.gspHardwareInit
                0x000000000010c164      0xc58 D:/devkitPro/libctru/lib\libctru.a(gspgpu.o)
 .text.gspInit  0x000000000010cdbc      0x24c D:/devkitPro/libctru/lib\libctru.a(gspgpu.o)
                0x000000000010cdbc                gspInit
 .text.gspExit  0x000000000010d008       0xf0 D:/devkitPro/libctru/lib\libctru.a(gspgpu.o)
                0x000000000010d008                gspExit
 .text.gspHasGpuRight
                0x000000000010d0f8       0x10 D:/devkitPro/libctru/lib\libctru.a(gspgpu.o)
                0x000000000010d0f8                gspHasGpuRight
 .text.gspPresentBuffer
                0x000000000010d108       0xa0 D:/devkitPro/libctru/lib\libctru.a(gspgpu.o)
                0x000000000010d108                gspPresentBuffer
 .text.gspSetEventCallback
                0x000000000010d1a8       0x30 D:/devkitPro/libctru/lib\libctru.a(gspgpu.o)
                0x000000000010d1a8                gspSetEventCallback
 .text.gspWaitForEvent
                0x000000000010d1d8       0x50 D:/devkitPro/libctru/lib\libctru.a(gspgpu.o)
                0x000000000010d1d8                gspWaitForEvent
 .text.gspWaitForAnyEvent
                0x000000000010d228       0x4c D:/devkitPro/libctru/lib\libctru.a(gspgpu.o)
                0x000000000010d228                gspWaitForAnyEvent
 .text.gspEventThreadMain
                0x000000000010d274      0x160 D:/devkitPro/libctru/lib\libctru.a(gspgpu.o)
 .text.gspSubmitGxCommand
                0x000000000010d3d4      0x130 D:/devkitPro/libctru/lib\libctru.a(gspgpu.o)
                0x000000000010d3d4                gspSubmitGxCommand
 .text.GSPGPU_FlushDataCache
                0x000000000010d504       0x50 D:/devkitPro/libctru/lib\libctru.a(gspgpu.o)
                0x000000000010d504                GSPGPU_FlushDataCache
 .text.GSPGPU_SetLcdForceBlack
                0x000000000010d554       0x34 D:/devkitPro/libctru/lib\libctru.a(gspgpu.o)
                0x000000000010d554                GSPGPU_SetLcdForceBlack
 .text.GSPGPU_AcquireRight
                0x000000000010d588       0x68 D:/devkitPro/libctru/lib\libctru.a(gspgpu.o)
                0x000000000010d588                GSPGPU_AcquireRight
 .text.GSPGPU_ReleaseRight
                0x000000000010d5f0       0x48 D:/devkitPro/libctru/lib\libctru.a(gspgpu.o)
                0x000000000010d5f0                GSPGPU_ReleaseRight
 .text.GSPGPU_ImportDisplayCaptureInfo
                0x000000000010d638       0x7c D:/devkitPro/libctru/lib\libctru.a(gspgpu.o)
                0x000000000010d638                GSPGPU_ImportDisplayCaptureInfo
 .text.GSPGPU_SaveVramSysArea
                0x000000000010d6b4       0x2c D:/devkitPro/libctru/lib\libctru.a(gspgpu.o)
                0x000000000010d6b4                GSPGPU_SaveVramSysArea
 .text.GSPGPU_RestoreVramSysArea
                0x000000000010d6e0       0x2c D:/devkitPro/libctru/lib\libctru.a(gspgpu.o)
                0x000000000010d6e0                GSPGPU_RestoreVramSysArea
 .text.aptConvertScreenForCapture
                0x000000000010d70c      0x1b0 D:/devkitPro/libctru/lib\libctru.a(apt.o)
 .text.aptDspSleep
                0x000000000010d8bc        0x8 D:/devkitPro/libctru/lib\libctru.a(apt.o)
                0x000000000010d8bc                aptDspSleep
 .text.aptDspWakeup
                0x000000000010d8c4        0x4 D:/devkitPro/libctru/lib\libctru.a(apt.o)
                0x000000000010d8c4                aptDspWakeup
 .text.aptDspCancel
                0x000000000010d8c8        0x4 D:/devkitPro/libctru/lib\libctru.a(apt.o)
                0x000000000010d8c8                aptDspCancel
 .text.aptSendCommand
                0x000000000010d8cc      0x15c D:/devkitPro/libctru/lib\libctru.a(apt.o)
                0x000000000010d8cc                aptSendCommand
 .text.aptExitProcess
                0x000000000010da28       0x38 D:/devkitPro/libctru/lib\libctru.a(apt.o)
 .text.aptExit  0x000000000010da60      0x2f0 D:/devkitPro/libctru/lib\libctru.a(apt.o)
                0x000000000010da60                aptExit
 .text.aptHandleSleep
                0x000000000010dd50       0xd8 D:/devkitPro/libctru/lib\libctru.a(apt.o)
                0x000000000010dd50                aptHandleSleep
 .text.aptHook  0x000000000010de28       0x30 D:/devkitPro/libctru/lib\libctru.a(apt.o)
                0x000000000010de28                aptHook
 .text.aptUnhook
                0x000000000010de58       0x30 D:/devkitPro/libctru/lib\libctru.a(apt.o)
                0x000000000010de58                aptUnhook
 .text.APT_SleepIfShellClosed
                0x000000000010de88       0x84 D:/devkitPro/libctru/lib\libctru.a(apt.o)
                0x000000000010de88                APT_SleepIfShellClosed
 .text.aptSetSleepAllowed
                0x000000000010df0c       0x84 D:/devkitPro/libctru/lib\libctru.a(apt.o)
                0x000000000010df0c                aptSetSleepAllowed
 .text.APT_UnlockTransition
                0x000000000010df90       0x84 D:/devkitPro/libctru/lib\libctru.a(apt.o)
                0x000000000010df90                APT_UnlockTransition
 *fill*         0x000000000010e014        0x4 
 .text.aptEventHandler
                0x000000000010e018      0x484 D:/devkitPro/libctru/lib\libctru.a(apt.o)
 .text.APT_ReceiveParameter
                0x000000000010e49c       0xb0 D:/devkitPro/libctru/lib\libctru.a(apt.o)
                0x000000000010e49c                APT_ReceiveParameter
 .text.aptReceiveParameter.constprop.0
                0x000000000010e54c       0xb0 D:/devkitPro/libctru/lib\libctru.a(apt.o)
 *fill*         0x000000000010e5fc        0x4 
 .text.aptScreenTransfer
                0x000000000010e600      0x2bc D:/devkitPro/libctru/lib\libctru.a(apt.o)
 .text.aptWaitForWakeUp.isra.0
                0x000000000010e8bc      0x374 D:/devkitPro/libctru/lib\libctru.a(apt.o)
 .text.aptJumpToHomeMenu
                0x000000000010ec30       0xf8 D:/devkitPro/libctru/lib\libctru.a(apt.o)
                0x000000000010ec30                aptJumpToHomeMenu
 .text.aptMainLoop
                0x000000000010ed28       0x4c D:/devkitPro/libctru/lib\libctru.a(apt.o)
                0x000000000010ed28                aptMainLoop
 .text.aptInit  0x000000000010ed74      0x234 D:/devkitPro/libctru/lib\libctru.a(apt.o)
                0x000000000010ed74                aptInit
 .text.APT_CheckNew3DS
                0x000000000010efa8       0x7c D:/devkitPro/libctru/lib\libctru.a(apt.o)
                0x000000000010efa8                APT_CheckNew3DS
 .text.APT_GetSharedFont
                0x000000000010f024       0x48 D:/devkitPro/libctru/lib\libctru.a(apt.o)
                0x000000000010f024                APT_GetSharedFont
 .text.hidShouldUseIrrst
                0x000000000010f06c       0x24 D:/devkitPro/libctru/lib\libctru.a(hid.o)
                0x000000000010f06c                hidShouldUseIrrst
 .text.hidInit  0x000000000010f090      0x18c D:/devkitPro/libctru/lib\libctru.a(hid.o)
                0x000000000010f090                hidInit
 .text.hidExit  0x000000000010f21c       0xe8 D:/devkitPro/libctru/lib\libctru.a(hid.o)
                0x000000000010f21c                hidExit
 .text.hidScanInput
                0x000000000010f304      0x2a4 D:/devkitPro/libctru/lib\libctru.a(hid.o)
                0x000000000010f304                hidScanInput
 .text.hidKeysDown
                0x000000000010f5a8       0x10 D:/devkitPro/libctru/lib\libctru.a(hid.o)
                0x000000000010f5a8                hidKeysDown
 .text.hidTouchRead
                0x000000000010f5b8       0x18 D:/devkitPro/libctru/lib\libctru.a(hid.o)
                0x000000000010f5b8                hidTouchRead
 .text.ptmSysmInit
                0x000000000010f5d0       0x74 D:/devkitPro/libctru/lib\libctru.a(ptmsysm.o)
                0x000000000010f5d0                ptmSysmInit
 .text.ptmSysmExit
                0x000000000010f644       0x3c D:/devkitPro/libctru/lib\libctru.a(ptmsysm.o)
                0x000000000010f644                ptmSysmExit
 .text.PTMSYSM_ConfigureNew3DSCPU
                0x000000000010f680       0x34 D:/devkitPro/libctru/lib\libctru.a(ptmsysm.o)
                0x000000000010f680                PTMSYSM_ConfigureNew3DSCPU
 .text.fsInit   0x000000000010f6b4       0xc8 D:/devkitPro/libctru/lib\libctru.a(fs.o)
                0x000000000010f6b4                fsInit
 .text.fsExit   0x000000000010f77c       0x3c D:/devkitPro/libctru/lib\libctru.a(fs.o)
                0x000000000010f77c                fsExit
 .text.fsExemptFromSession
                0x000000000010f7b8       0x60 D:/devkitPro/libctru/lib\libctru.a(fs.o)
                0x000000000010f7b8                fsExemptFromSession
 .text.fsUnexemptFromSession
                0x000000000010f818       0x50 D:/devkitPro/libctru/lib\libctru.a(fs.o)
                0x000000000010f818                fsUnexemptFromSession
 .text.FSUSER_OpenFile
                0x000000000010f868       0xcc D:/devkitPro/libctru/lib\libctru.a(fs.o)
                0x000000000010f868                FSUSER_OpenFile
 .text.FSUSER_OpenFileDirectly
                0x000000000010f934       0xd4 D:/devkitPro/libctru/lib\libctru.a(fs.o)
                0x000000000010f934                FSUSER_OpenFileDirectly
 .text.FSUSER_DeleteFile
                0x000000000010fa08       0xbc D:/devkitPro/libctru/lib\libctru.a(fs.o)
                0x000000000010fa08                FSUSER_DeleteFile
 .text.FSUSER_RenameFile
                0x000000000010fac4       0xf8 D:/devkitPro/libctru/lib\libctru.a(fs.o)
                0x000000000010fac4                FSUSER_RenameFile
 .text.FSUSER_DeleteDirectory
                0x000000000010fbbc       0xbc D:/devkitPro/libctru/lib\libctru.a(fs.o)
                0x000000000010fbbc                FSUSER_DeleteDirectory
 .text.FSUSER_CreateFile
                0x000000000010fc78       0xd4 D:/devkitPro/libctru/lib\libctru.a(fs.o)
                0x000000000010fc78                FSUSER_CreateFile
 .text.FSUSER_CreateDirectory
                0x000000000010fd4c       0xc4 D:/devkitPro/libctru/lib\libctru.a(fs.o)
                0x000000000010fd4c                FSUSER_CreateDirectory
 .text.FSUSER_RenameDirectory
                0x000000000010fe10       0xf8 D:/devkitPro/libctru/lib\libctru.a(fs.o)
                0x000000000010fe10                FSUSER_RenameDirectory
 .text.FSUSER_OpenDirectory
                0x000000000010ff08       0xb4 D:/devkitPro/libctru/lib\libctru.a(fs.o)
                0x000000000010ff08                FSUSER_OpenDirectory
 .text.FSUSER_OpenArchive
                0x000000000010ffbc       0x94 D:/devkitPro/libctru/lib\libctru.a(fs.o)
                0x000000000010ffbc                FSUSER_OpenArchive
 .text.FSUSER_CloseArchive
                0x0000000000110050       0x8c D:/devkitPro/libctru/lib\libctru.a(fs.o)
                0x0000000000110050                FSUSER_CloseArchive
 .text.FSUSER_GetSdmcArchiveResource
                0x00000000001100dc       0x74 D:/devkitPro/libctru/lib\libctru.a(fs.o)
                0x00000000001100dc                FSUSER_GetSdmcArchiveResource
 .text.FSUSER_IsSdmcWritable
                0x0000000000110150       0x64 D:/devkitPro/libctru/lib\libctru.a(fs.o)
                0x0000000000110150                FSUSER_IsSdmcWritable
 .text.FSFILE_Read
                0x00000000001101b4       0x58 D:/devkitPro/libctru/lib\libctru.a(fs.o)
                0x00000000001101b4                FSFILE_Read
 .text.FSFILE_Write
                0x000000000011020c       0x60 D:/devkitPro/libctru/lib\libctru.a(fs.o)
                0x000000000011020c                FSFILE_Write
 .text.FSFILE_GetSize
                0x000000000011026c       0x38 D:/devkitPro/libctru/lib\libctru.a(fs.o)
                0x000000000011026c                FSFILE_GetSize
 .text.FSFILE_SetSize
                0x00000000001102a4       0x28 D:/devkitPro/libctru/lib\libctru.a(fs.o)
                0x00000000001102a4                FSFILE_SetSize
 .text.FSFILE_Close
                0x00000000001102cc       0x3c D:/devkitPro/libctru/lib\libctru.a(fs.o)
                0x00000000001102cc                FSFILE_Close
 .text.FSFILE_Flush
                0x0000000000110308       0x24 D:/devkitPro/libctru/lib\libctru.a(fs.o)
                0x0000000000110308                FSFILE_Flush
 .text.FSDIR_Read
                0x000000000011032c       0x50 D:/devkitPro/libctru/lib\libctru.a(fs.o)
                0x000000000011032c                FSDIR_Read
 .text.FSDIR_Close
                0x000000000011037c       0x3c D:/devkitPro/libctru/lib\libctru.a(fs.o)
                0x000000000011037c                FSDIR_Close
 .text.buffer_read
                0x00000000001103b8       0xcc D:/devkitPro/libctru/lib\libctru.a(decompress.o)
 .text.iov_read
                0x0000000000110484       0xd0 D:/devkitPro/libctru/lib\libctru.a(decompress.o)
 .text.iov_memmove
                0x0000000000110554      0x128 D:/devkitPro/libctru/lib\libctru.a(decompress.o)
 .text.decompress_rle
                0x000000000011067c      0x1d8 D:/devkitPro/libctru/lib\libctru.a(decompress.o)
 .text.decompress_lzss
                0x0000000000110854      0x24c D:/devkitPro/libctru/lib\libctru.a(decompress.o)
 .text.decompress_huff.part.0
                0x0000000000110aa0      0x2ec D:/devkitPro/libctru/lib\libctru.a(decompress.o)
 .text.decompress_lz11
                0x0000000000110d8c      0x458 D:/devkitPro/libctru/lib\libctru.a(decompress.o)
 .text.decompressCallback_Stdio
                0x00000000001111e4       0x10 D:/devkitPro/libctru/lib\libctru.a(decompress.o)
                0x00000000001111e4                decompressCallback_Stdio
 .text.decompressHeader
                0x00000000001111f4       0xd8 D:/devkitPro/libctru/lib\libctru.a(decompress.o)
                0x00000000001111f4                decompressHeader
 .text.decompressV
                0x00000000001112cc      0x23c D:/devkitPro/libctru/lib\libctru.a(decompress.o)
                0x00000000001112cc                decompressV
 .text.rbtree_init
                0x0000000000111508       0x10 D:/devkitPro/libctru/lib\libctru.a(rbtree_init.o)
                0x0000000000111508                rbtree_init
 .text.do_insert
                0x0000000000111518      0x1a8 D:/devkitPro/libctru/lib\libctru.a(rbtree_insert.o)
 .text.rbtree_insert
                0x00000000001116c0        0x8 D:/devkitPro/libctru/lib\libctru.a(rbtree_insert.o)
                0x00000000001116c0                rbtree_insert
 .text.rbtree_rotate
                0x00000000001116c8       0x90 D:/devkitPro/libctru/lib\libctru.a(rbtree_rotate.o)
                0x00000000001116c8                rbtree_rotate
 .text.rbtree_remove
                0x0000000000111758      0x338 D:/devkitPro/libctru/lib\libctru.a(rbtree_remove.o)
                0x0000000000111758                rbtree_remove
 .text.rbtree_find
                0x0000000000111a90       0x74 D:/devkitPro/libctru/lib\libctru.a(rbtree_find.o)
                0x0000000000111a90                rbtree_find
 .text.utf16_to_utf8
                0x0000000000111b04       0xe8 D:/devkitPro/libctru/lib\libctru.a(utf16_to_utf8.o)
                0x0000000000111b04                utf16_to_utf8
 .text.decode_utf16
                0x0000000000111bec       0x64 D:/devkitPro/libctru/lib\libctru.a(decode_utf16.o)
                0x0000000000111bec                decode_utf16
 .text.decode_utf8
                0x0000000000111c50      0x13c D:/devkitPro/libctru/lib\libctru.a(decode_utf8.o)
                0x0000000000111c50                decode_utf8
 .text.utf8_to_utf16
                0x0000000000111d8c       0xc0 D:/devkitPro/libctru/lib\libctru.a(utf8_to_utf16.o)
                0x0000000000111d8c                utf8_to_utf16
 *fill*         0x0000000000111e4c        0x4 
 .text.__system_allocateHeaps
                0x0000000000111e50      0x1e0 D:/devkitPro/libctru/lib\libctru.a(allocateHeaps.o)
                0x0000000000111e50                __system_allocateHeaps
 .text.__libctru_init
                0x0000000000112030       0x38 D:/devkitPro/libctru/lib\libctru.a(ctru_init.o)
                0x0000000000112030                __libctru_init
 .text.__system_initArgv
                0x0000000000112068      0x168 D:/devkitPro/libctru/lib\libctru.a(initArgv.o)
                0x0000000000112068                __system_initArgv
 .text.svcControlMemory
                0x00000000001121d0       0x20 D:/devkitPro/libctru/lib\libctru.a(svc.o)
                0x00000000001121d0                svcControlMemory
 .text.svcQueryMemory
                0x00000000001121f0       0x30 D:/devkitPro/libctru/lib\libctru.a(svc.o)
                0x00000000001121f0                svcQueryMemory
 .text.svcExitProcess
                0x0000000000112220        0x8 D:/devkitPro/libctru/lib\libctru.a(svc.o)
                0x0000000000112220                svcExitProcess
 .text.svcCreateThread
                0x0000000000112228       0x20 D:/devkitPro/libctru/lib\libctru.a(svc.o)
                0x0000000000112228                svcCreateThread
 .text.svcExitThread
                0x0000000000112248        0x8 D:/devkitPro/libctru/lib\libctru.a(svc.o)
                0x0000000000112248                svcExitThread
 .text.svcSleepThread
                0x0000000000112250        0x8 D:/devkitPro/libctru/lib\libctru.a(svc.o)
                0x0000000000112250                svcSleepThread
 .text.svcReleaseMutex
                0x0000000000112258        0x8 D:/devkitPro/libctru/lib\libctru.a(svc.o)
                0x0000000000112258                svcReleaseMutex
 .text.svcCreateEvent
                0x0000000000112260       0x14 D:/devkitPro/libctru/lib\libctru.a(svc.o)
                0x0000000000112260                svcCreateEvent
 .text.svcSignalEvent
                0x0000000000112274        0x8 D:/devkitPro/libctru/lib\libctru.a(svc.o)
                0x0000000000112274                svcSignalEvent
 .text.svcClearEvent
                0x000000000011227c        0x8 D:/devkitPro/libctru/lib\libctru.a(svc.o)
                0x000000000011227c                svcClearEvent
 .text.svcMapMemoryBlock
                0x0000000000112284        0x8 D:/devkitPro/libctru/lib\libctru.a(svc.o)
                0x0000000000112284                svcMapMemoryBlock
 .text.svcUnmapMemoryBlock
                0x000000000011228c        0x8 D:/devkitPro/libctru/lib\libctru.a(svc.o)
                0x000000000011228c                svcUnmapMemoryBlock
 .text.svcCreateAddressArbiter
                0x0000000000112294       0x14 D:/devkitPro/libctru/lib\libctru.a(svc.o)
                0x0000000000112294                svcCreateAddressArbiter
 .text.svcArbitrateAddressNoTimeout
                0x00000000001122a8        0x8 D:/devkitPro/libctru/lib\libctru.a(svc.o)
                0x00000000001122a8                svcArbitrateAddressNoTimeout
 .text.svcCloseHandle
                0x00000000001122b0        0x8 D:/devkitPro/libctru/lib\libctru.a(svc.o)
                0x00000000001122b0                svcCloseHandle
 .text.svcWaitSynchronization
                0x00000000001122b8        0x8 D:/devkitPro/libctru/lib\libctru.a(svc.o)
                0x00000000001122b8                svcWaitSynchronization
 .text.svcWaitSynchronizationN
                0x00000000001122c0       0x28 D:/devkitPro/libctru/lib\libctru.a(svc.o)
                0x00000000001122c0                svcWaitSynchronizationN
 .text.svcDuplicateHandle
                0x00000000001122e8       0x14 D:/devkitPro/libctru/lib\libctru.a(svc.o)
                0x00000000001122e8                svcDuplicateHandle
 .text.svcGetSystemTick
                0x00000000001122fc        0x8 D:/devkitPro/libctru/lib\libctru.a(svc.o)
                0x00000000001122fc                svcGetSystemTick
 .text.svcConnectToPort
                0x0000000000112304       0x14 D:/devkitPro/libctru/lib\libctru.a(svc.o)
                0x0000000000112304                svcConnectToPort
 .text.svcSendSyncRequest
                0x0000000000112318        0x8 D:/devkitPro/libctru/lib\libctru.a(svc.o)
                0x0000000000112318                svcSendSyncRequest
 .text.svcGetResourceLimit
                0x0000000000112320       0x14 D:/devkitPro/libctru/lib\libctru.a(svc.o)
                0x0000000000112320                svcGetResourceLimit
 .text.svcGetResourceLimitLimitValues
                0x0000000000112334        0x8 D:/devkitPro/libctru/lib\libctru.a(svc.o)
                0x0000000000112334                svcGetResourceLimitLimitValues
 .text.svcGetResourceLimitCurrentValues
                0x000000000011233c        0x8 D:/devkitPro/libctru/lib\libctru.a(svc.o)
                0x000000000011233c                svcGetResourceLimitCurrentValues
 .text.svcBreak
                0x0000000000112344        0x8 D:/devkitPro/libctru/lib\libctru.a(svc.o)
                0x0000000000112344                svcBreak
 .text.initSystem
                0x000000000011234c       0x50 D:/devkitPro/libctru/lib\libctru.a(stack_adjust.o)
                0x000000000011234c                initSystem
 .text.__ctru_exit
                0x000000000011239c       0x18 D:/devkitPro/libctru/lib\libctru.a(stack_adjust.o)
                0x000000000011239c                __ctru_exit
 .text.__aeabi_read_tp
                0x00000000001123b4        0xc D:/devkitPro/libctru/lib\libctru.a(readtp.o)
                0x00000000001123b4                __aeabi_read_tp
 .text.__sync_init
                0x00000000001123c0        0xc D:/devkitPro/libctru/lib\libctru.a(synchronization.o)
                0x00000000001123c0                __sync_init
 .text.__sync_fini
                0x00000000001123cc       0x18 D:/devkitPro/libctru/lib\libctru.a(synchronization.o)
                0x00000000001123cc                __sync_fini
 .text.syncArbitrateAddress
                0x00000000001123e4       0x2c D:/devkitPro/libctru/lib\libctru.a(synchronization.o)
                0x00000000001123e4                syncArbitrateAddress
 .text.LightLock_Lock
                0x0000000000112410       0x94 D:/devkitPro/libctru/lib\libctru.a(synchronization.o)
                0x0000000000112410                LightLock_Lock
 .text.LightLock_Unlock
                0x00000000001124a4       0x40 D:/devkitPro/libctru/lib\libctru.a(synchronization.o)
                0x00000000001124a4                LightLock_Unlock
 .text.RecursiveLock_Init
                0x00000000001124e4       0x24 D:/devkitPro/libctru/lib\libctru.a(synchronization.o)
                0x00000000001124e4                RecursiveLock_Init
 .text.RecursiveLock_Lock
                0x0000000000112508       0x30 D:/devkitPro/libctru/lib\libctru.a(synchronization.o)
                0x0000000000112508                RecursiveLock_Lock
 .text.RecursiveLock_Unlock
                0x0000000000112538       0x54 D:/devkitPro/libctru/lib\libctru.a(synchronization.o)
                0x0000000000112538                RecursiveLock_Unlock
 .text.LightEvent_Init
                0x000000000011258c       0x40 D:/devkitPro/libctru/lib\libctru.a(synchronization.o)
                0x000000000011258c                LightEvent_Init
 .text.LightEvent_Clear
                0x00000000001125cc       0xa4 D:/devkitPro/libctru/lib\libctru.a(synchronization.o)
                0x00000000001125cc                LightEvent_Clear
 .text.LightEvent_Signal
                0x0000000000112670       0xc8 D:/devkitPro/libctru/lib\libctru.a(synchronization.o)
                0x0000000000112670                LightEvent_Signal
 .text.LightEvent_TryWait
                0x0000000000112738       0x58 D:/devkitPro/libctru/lib\libctru.a(synchronization.o)
                0x0000000000112738                LightEvent_TryWait
 .text.LightEvent_Wait
                0x0000000000112790       0xb0 D:/devkitPro/libctru/lib\libctru.a(synchronization.o)
                0x0000000000112790                LightEvent_Wait
 .text.envGetHandle
                0x0000000000112840       0x84 D:/devkitPro/libctru/lib\libctru.a(env.o)
                0x0000000000112840                envGetHandle
 .text.envDestroyHandles
                0x00000000001128c4       0x50 D:/devkitPro/libctru/lib\libctru.a(env.o)
                0x00000000001128c4                envDestroyHandles
 .text.srvInit  0x0000000000112914      0x124 D:/devkitPro/libctru/lib\libctru.a(srv.o)
                0x0000000000112914                srvInit
 .text.srvExit  0x0000000000112a38       0x58 D:/devkitPro/libctru/lib\libctru.a(srv.o)
                0x0000000000112a38                srvExit
 .text.srvGetServiceHandleDirect
                0x0000000000112a90       0x80 D:/devkitPro/libctru/lib\libctru.a(srv.o)
                0x0000000000112a90                srvGetServiceHandleDirect
 .text.srvGetServiceHandle
                0x0000000000112b10       0x48 D:/devkitPro/libctru/lib\libctru.a(srv.o)
                0x0000000000112b10                srvGetServiceHandle
 .text.srvPublishToSubscriber
                0x0000000000112b58       0x38 D:/devkitPro/libctru/lib\libctru.a(srv.o)
                0x0000000000112b58                srvPublishToSubscriber
 .text.threadCreate
                0x0000000000112b90      0x188 D:/devkitPro/libctru/lib\libctru.a(thread.o)
                0x0000000000112b90                threadCreate
 .text.threadFree
                0x0000000000112d18       0x2c D:/devkitPro/libctru/lib\libctru.a(thread.o)
                0x0000000000112d18                threadFree
 .text.threadJoin
                0x0000000000112d44       0x24 D:/devkitPro/libctru/lib\libctru.a(thread.o)
                0x0000000000112d44                threadJoin
 .text.threadGetCurrent
                0x0000000000112d68       0x30 D:/devkitPro/libctru/lib\libctru.a(thread.o)
                0x0000000000112d68                threadGetCurrent
 .text.threadExit
                0x0000000000112d98       0x40 D:/devkitPro/libctru/lib\libctru.a(thread.o)
                0x0000000000112d98                threadExit
 .text._thread_begin
                0x0000000000112dd8       0x44 D:/devkitPro/libctru/lib\libctru.a(thread.o)
 .text.mappableFindAddressWithin
                0x0000000000112e1c       0x94 D:/devkitPro/libctru/lib\libctru.a(mappable.o)
 .text.mappableInit
                0x0000000000112eb0       0x28 D:/devkitPro/libctru/lib\libctru.a(mappable.o)
                0x0000000000112eb0                mappableInit
 .text.mappableAlloc
                0x0000000000112ed8       0x80 D:/devkitPro/libctru/lib\libctru.a(mappable.o)
                0x0000000000112ed8                mappableAlloc
 .text.mappableFree
                0x0000000000112f58        0x4 D:/devkitPro/libctru/lib\libctru.a(mappable.o)
                0x0000000000112f58                mappableFree
 .text.irrstInit
                0x0000000000112f5c      0x160 D:/devkitPro/libctru/lib\libctru.a(irrst.o)
                0x0000000000112f5c                irrstInit
 .text.irrstExit
                0x00000000001130bc       0xcc D:/devkitPro/libctru/lib\libctru.a(irrst.o)
                0x00000000001130bc                irrstExit
 .text.irrstScanInput
                0x0000000000113188       0xb4 D:/devkitPro/libctru/lib\libctru.a(irrst.o)
                0x0000000000113188                irrstScanInput
 .text.irrstKeysHeld
                0x000000000011323c       0x24 D:/devkitPro/libctru/lib\libctru.a(irrst.o)
                0x000000000011323c                irrstKeysHeld
 .text.srvPmGetSessionHandle
                0x0000000000113260        0xc D:/devkitPro/libctru/lib\libctru.a(srvpm.o)
                0x0000000000113260                srvPmGetSessionHandle
 .text.rbtree_node_next
                0x000000000011326c       0x58 D:/devkitPro/libctru/lib\libctru.a(rbtree_iterator.o)
                0x000000000011326c                rbtree_node_next
 .text.encode_utf16
                0x00000000001132c4       0x60 D:/devkitPro/libctru/lib\libctru.a(encode_utf16.o)
                0x00000000001132c4                encode_utf16
 .text.encode_utf8
                0x0000000000113324       0xfc D:/devkitPro/libctru/lib\libctru.a(encode_utf8.o)
                0x0000000000113324                encode_utf8
 .text.__appInit
                0x0000000000113420       0x30 D:/devkitPro/libctru/lib\libctru.a(appInit.o)
                0x0000000000113420                __appInit
 .text.__syscall_getreent
                0x0000000000113450       0x30 D:/devkitPro/libctru/lib\libctru.a(syscalls.o)
                0x0000000000113450                __syscall_getreent
 .text.__syscall_gettod_r
                0x0000000000113480       0x74 D:/devkitPro/libctru/lib\libctru.a(syscalls.o)
                0x0000000000113480                __syscall_gettod_r
 .text.__syscall_lock_acquire
                0x00000000001134f4        0x4 D:/devkitPro/libctru/lib\libctru.a(syscalls.o)
                0x00000000001134f4                __syscall_lock_acquire
 .text.__syscall_lock_release
                0x00000000001134f8        0x4 D:/devkitPro/libctru/lib\libctru.a(syscalls.o)
                0x00000000001134f8                __syscall_lock_release
 .text.__syscall_lock_init_recursive
                0x00000000001134fc        0x4 D:/devkitPro/libctru/lib\libctru.a(syscalls.o)
                0x00000000001134fc                __syscall_lock_init_recursive
 .text.__syscall_lock_acquire_recursive
                0x0000000000113500        0x4 D:/devkitPro/libctru/lib\libctru.a(syscalls.o)
                0x0000000000113500                __syscall_lock_acquire_recursive
 .text.__syscall_lock_release_recursive
                0x0000000000113504        0x4 D:/devkitPro/libctru/lib\libctru.a(syscalls.o)
                0x0000000000113504                __syscall_lock_release_recursive
 .text.__syscall_exit
                0x0000000000113508        0x4 D:/devkitPro/libctru/lib\libctru.a(syscalls.o)
                0x0000000000113508                __syscall_exit
 .text.__system_initSyscalls
                0x000000000011350c       0x60 D:/devkitPro/libctru/lib\libctru.a(syscalls.o)
                0x000000000011350c                __system_initSyscalls
 .text.__appExit
                0x000000000011356c       0x30 D:/devkitPro/libctru/lib\libctru.a(appExit.o)
                0x000000000011356c                __appExit
 .text.__libctru_exit
                0x000000000011359c       0x90 D:/devkitPro/libctru/lib\libctru.a(ctru_exit.o)
                0x000000000011359c                __libctru_exit
 .text.archive_link
                0x000000000011362c       0x14 D:/devkitPro/libctru/lib\libctru.a(archive_dev.o)
 .text.archive_dirreset
                0x0000000000113640       0x14 D:/devkitPro/libctru/lib\libctru.a(archive_dev.o)
 .text.archive_chmod
                0x0000000000113654       0x14 D:/devkitPro/libctru/lib\libctru.a(archive_dev.o)
 .text.error_cmp
                0x0000000000113668       0x24 D:/devkitPro/libctru/lib\libctru.a(archive_dev.o)
 .text.archive_translate_error
                0x000000000011368c       0x50 D:/devkitPro/libctru/lib\libctru.a(archive_dev.o)
 .text.archive_seek
                0x00000000001136dc       0xd4 D:/devkitPro/libctru/lib\libctru.a(archive_dev.o)
 .text._archiveInit.part.0
                0x00000000001137b0       0x7c D:/devkitPro/libctru/lib\libctru.a(archive_dev.o)
 .text.archiveFindDevice.part.0
                0x000000000011382c       0x8c D:/devkitPro/libctru/lib\libctru.a(archive_dev.o)
 .text.archive_utf16path
                0x00000000001138b8      0x260 D:/devkitPro/libctru/lib\libctru.a(archive_dev.o)
 .text._archiveUnmountDeviceStruct.part.0
                0x0000000000113b18       0xa0 D:/devkitPro/libctru/lib\libctru.a(archive_dev.o)
 .text.archive_fchmod
                0x0000000000113bb8       0x14 D:/devkitPro/libctru/lib\libctru.a(archive_dev.o)
 .text.archive_statvfs
                0x0000000000113bcc       0x14 D:/devkitPro/libctru/lib\libctru.a(archive_dev.o)
 .text._archiveMountDevice
                0x0000000000113be0      0x158 D:/devkitPro/libctru/lib\libctru.a(archive_dev.o)
 .text.archive_diropen
                0x0000000000113d38       0xe8 D:/devkitPro/libctru/lib\libctru.a(archive_dev.o)
 .text.archive_fstat
                0x0000000000113e20       0xa4 D:/devkitPro/libctru/lib\libctru.a(archive_dev.o)
 .text.archive_close
                0x0000000000113ec4       0x6c D:/devkitPro/libctru/lib\libctru.a(archive_dev.o)
 .text.archive_fsync
                0x0000000000113f30       0x6c D:/devkitPro/libctru/lib\libctru.a(archive_dev.o)
 .text.archive_dirclose
                0x0000000000113f9c       0x70 D:/devkitPro/libctru/lib\libctru.a(archive_dev.o)
 .text.sdmc_statvfs
                0x000000000011400c       0xe8 D:/devkitPro/libctru/lib\libctru.a(archive_dev.o)
 .text.archive_ftruncate
                0x00000000001140f4       0x80 D:/devkitPro/libctru/lib\libctru.a(archive_dev.o)
 .text.archive_chdir
                0x0000000000114174       0xfc D:/devkitPro/libctru/lib\libctru.a(archive_dev.o)
 .text.archive_read
                0x0000000000114270       0xb0 D:/devkitPro/libctru/lib\libctru.a(archive_dev.o)
 .text.archive_unlink
                0x0000000000114320       0xac D:/devkitPro/libctru/lib\libctru.a(archive_dev.o)
 .text.archive_rmdir
                0x00000000001143cc       0xc8 D:/devkitPro/libctru/lib\libctru.a(archive_dev.o)
 .text.archive_mkdir
                0x0000000000114494       0xec D:/devkitPro/libctru/lib\libctru.a(archive_dev.o)
 .text.archive_stat
                0x0000000000114580      0x1a8 D:/devkitPro/libctru/lib\libctru.a(archive_dev.o)
 .text.archive_rename
                0x0000000000114728      0x26c D:/devkitPro/libctru/lib\libctru.a(archive_dev.o)
 .text.archive_dirnext
                0x0000000000114994      0x168 D:/devkitPro/libctru/lib\libctru.a(archive_dev.o)
 .text.archive_write
                0x0000000000114afc      0x12c D:/devkitPro/libctru/lib\libctru.a(archive_dev.o)
 .text.archive_open
                0x0000000000114c28      0x1e8 D:/devkitPro/libctru/lib\libctru.a(archive_dev.o)
 .text.archiveMountSdmc
                0x0000000000114e10      0x1a4 D:/devkitPro/libctru/lib\libctru.a(archive_dev.o)
                0x0000000000114e10                archiveMountSdmc
 .text.archiveUnmountAll
                0x0000000000114fb4       0x54 D:/devkitPro/libctru/lib\libctru.a(archive_dev.o)
                0x0000000000114fb4                archiveUnmountAll
 .text.cosf     0x0000000000115008      0x22c d:/devkitpro/devkitarm/bin/../lib/gcc/arm-none-eabi/11.2.0/../../../../arm-none-eabi/lib/armv6k/fpu\libm.a(lib_a-cosf.o)
                0x0000000000115008                cosf
 .text.with_errnof
                0x0000000000115234       0x24 d:/devkitpro/devkitarm/bin/../lib/gcc/arm-none-eabi/11.2.0/../../../../arm-none-eabi/lib/armv6k/fpu\libm.a(lib_a-math_errf.o)
 .text.__math_invalidf
                0x0000000000115258       0x1c d:/devkitpro/devkitarm/bin/../lib/gcc/arm-none-eabi/11.2.0/../../../../arm-none-eabi/lib/armv6k/fpu\libm.a(lib_a-math_errf.o)
                0x0000000000115258                __math_invalidf
 .text.ceilf    0x0000000000115274       0xb8 d:/devkitpro/devkitarm/bin/../lib/gcc/arm-none-eabi/11.2.0/../../../../arm-none-eabi/lib/armv6k/fpu\libm.a(lib_a-sf_ceil.o)
                0x0000000000115274                ceilf
 *fill*         0x000000000011532c        0x4 
 .text.sinf     0x0000000000115330      0x26c d:/devkitpro/devkitarm/bin/../lib/gcc/arm-none-eabi/11.2.0/../../../../arm-none-eabi/lib/armv6k/fpu\libm.a(lib_a-sinf.o)
                0x0000000000115330                sinf
 *fill*         0x000000000011559c        0x4 
 .text.sqrt     0x00000000001155a0       0x58 d:/devkitpro/devkitarm/bin/../lib/gcc/arm-none-eabi/11.2.0/../../../../arm-none-eabi/lib/armv6k/fpu\libm.a(lib_a-w_sqrt.o)
                0x00000000001155a0                sqrt
 .text.__ieee754_sqrt
                0x00000000001155f8        0x8 d:/devkitpro/devkitarm/bin/../lib/gcc/arm-none-eabi/11.2.0/../../../../arm-none-eabi/lib/armv6k/fpu\libm.a(lib_a-e_sqrt.o)
                0x00000000001155f8                __ieee754_sqrt
 .text.__udivmoddi4
                0x0000000000115600      0x120 d:/devkitpro/devkitarm/bin/../lib/gcc/arm-none-eabi/11.2.0/armv6k/fpu\libgcc.a(_udivmoddi4.o)
                0x0000000000115600                __udivmoddi4
 .text.bsearch  0x0000000000115720       0x78 d:/devkitpro/devkitarm/bin/../lib/gcc/arm-none-eabi/11.2.0/../../../../arm-none-eabi/lib/armv6k/fpu\libg.a(lib_a-bsearch.o)
                0x0000000000115720                bsearch
 .text.calloc   0x0000000000115798       0x28 d:/devkitpro/devkitarm/bin/../lib/gcc/arm-none-eabi/11.2.0/../../../../arm-none-eabi/lib/armv6k/fpu\libg.a(lib_a-calloc.o)
                0x0000000000115798                calloc
 .text._calloc_r
                0x00000000001157c0       0xbc d:/devkitpro/devkitarm/bin/../lib/gcc/arm-none-eabi/11.2.0/../../../../arm-none-eabi/lib/armv6k/fpu\libg.a(lib_a-callocr.o)
                0x00000000001157c0                _calloc_r
 .text.__errno  0x000000000011587c        0xc d:/devkitpro/devkitarm/bin/../lib/gcc/arm-none-eabi/11.2.0/../../../../arm-none-eabi/lib/armv6k/fpu\libg.a(lib_a-errno.o)
                0x000000000011587c                __errno
 .text.exit     0x0000000000115888       0x34 d:/devkitpro/devkitarm/bin/../lib/gcc/arm-none-eabi/11.2.0/../../../../arm-none-eabi/lib/armv6k/fpu\libg.a(lib_a-exit.o)
                0x0000000000115888                exit
 .text._fclose_r
                0x00000000001158bc      0x160 d:/devkitpro/devkitarm/bin/../lib/gcc/arm-none-eabi/11.2.0/../../../../arm-none-eabi/lib/armv6k/fpu\libg.a(lib_a-fclose.o)
                0x00000000001158bc                _fclose_r
 .text.fclose   0x0000000000115a1c       0x20 d:/devkitpro/devkitarm/bin/../lib/gcc/arm-none-eabi/11.2.0/../../../../arm-none-eabi/lib/armv6k/fpu\libg.a(lib_a-fclose.o)
                0x0000000000115a1c                fclose
 .text.__sflush_r
                0x0000000000115a3c      0x258 d:/devkitpro/devkitarm/bin/../lib/gcc/arm-none-eabi/11.2.0/../../../../arm-none-eabi/lib/armv6k/fpu\libg.a(lib_a-fflush.o)
                0x0000000000115a3c                __sflush_r
 .text._fflush_r
                0x0000000000115c94       0x94 d:/devkitpro/devkitarm/bin/../lib/gcc/arm-none-eabi/11.2.0/../../../../arm-none-eabi/lib/armv6k/fpu\libg.a(lib_a-fflush.o)
                0x0000000000115c94                _fflush_r
 .text.fflush   0x0000000000115d28       0x38 d:/devkitpro/devkitarm/bin/../lib/gcc/arm-none-eabi/11.2.0/../../../../arm-none-eabi/lib/armv6k/fpu\libg.a(lib_a-fflush.o)
                0x0000000000115d28                fflush
 .text._cleanup_r
                0x0000000000115d60        0xc d:/devkitpro/devkitarm/bin/../lib/gcc/arm-none-eabi/11.2.0/../../../../arm-none-eabi/lib/armv6k/fpu\libg.a(lib_a-findfp.o)
                0x0000000000115d60                _cleanup_r
 .text.__sinit  0x0000000000115d6c      0x184 d:/devkitpro/devkitarm/bin/../lib/gcc/arm-none-eabi/11.2.0/../../../../arm-none-eabi/lib/armv6k/fpu\libg.a(lib_a-findfp.o)
                0x0000000000115d6c                __sinit
 .text.__sfp    0x0000000000115ef0      0x134 d:/devkitpro/devkitarm/bin/../lib/gcc/arm-none-eabi/11.2.0/../../../../arm-none-eabi/lib/armv6k/fpu\libg.a(lib_a-findfp.o)
                0x0000000000115ef0                __sfp
 .text.__sfp_lock_acquire
                0x0000000000116024        0xc d:/devkitpro/devkitarm/bin/../lib/gcc/arm-none-eabi/11.2.0/../../../../arm-none-eabi/lib/armv6k/fpu\libg.a(lib_a-findfp.o)
                0x0000000000116024                __sfp_lock_acquire
 .text.__sfp_lock_release
                0x0000000000116030        0xc d:/devkitpro/devkitarm/bin/../lib/gcc/arm-none-eabi/11.2.0/../../../../arm-none-eabi/lib/armv6k/fpu\libg.a(lib_a-findfp.o)
                0x0000000000116030                __sfp_lock_release
 .text.__libc_fini_array
                0x000000000011603c       0x3c d:/devkitpro/devkitarm/bin/../lib/gcc/arm-none-eabi/11.2.0/../../../../arm-none-eabi/lib/armv6k/fpu\libg.a(lib_a-fini.o)
                0x000000000011603c                __libc_fini_array
 .text._fopen_r
                0x0000000000116078      0x140 d:/devkitpro/devkitarm/bin/../lib/gcc/arm-none-eabi/11.2.0/../../../../arm-none-eabi/lib/armv6k/fpu\libg.a(lib_a-fopen.o)
                0x0000000000116078                _fopen_r
 .text.fopen    0x00000000001161b8       0x28 d:/devkitpro/devkitarm/bin/../lib/gcc/arm-none-eabi/11.2.0/../../../../arm-none-eabi/lib/armv6k/fpu\libg.a(lib_a-fopen.o)
                0x00000000001161b8                fopen
 .text._fread_r
                0x00000000001161e0      0x2d4 d:/devkitpro/devkitarm/bin/../lib/gcc/arm-none-eabi/11.2.0/../../../../arm-none-eabi/lib/armv6k/fpu\libg.a(lib_a-fread.o)
                0x00000000001161e0                _fread_r
 .text.fread    0x00000000001164b4       0x38 d:/devkitpro/devkitarm/bin/../lib/gcc/arm-none-eabi/11.2.0/../../../../arm-none-eabi/lib/armv6k/fpu\libg.a(lib_a-fread.o)
                0x00000000001164b4                fread
 .text._malloc_trim_r
                0x00000000001164ec       0xf8 d:/devkitpro/devkitarm/bin/../lib/gcc/arm-none-eabi/11.2.0/../../../../arm-none-eabi/lib/armv6k/fpu\libg.a(lib_a-freer.o)
                0x00000000001164ec                _malloc_trim_r
 .text._free_r  0x00000000001165e4      0x2e4 d:/devkitpro/devkitarm/bin/../lib/gcc/arm-none-eabi/11.2.0/../../../../arm-none-eabi/lib/armv6k/fpu\libg.a(lib_a-freer.o)
                0x00000000001165e4                _free_r
 .text._fseek_r
                0x00000000001168c8       0x1c d:/devkitpro/devkitarm/bin/../lib/gcc/arm-none-eabi/11.2.0/../../../../arm-none-eabi/lib/armv6k/fpu\libg.a(lib_a-fseek.o)
                0x00000000001168c8                _fseek_r
 .text._fseeko_r
                0x00000000001168e4      0x598 d:/devkitpro/devkitarm/bin/../lib/gcc/arm-none-eabi/11.2.0/../../../../arm-none-eabi/lib/armv6k/fpu\libg.a(lib_a-fseeko.o)
                0x00000000001168e4                _fseeko_r
 .text._fwalk   0x0000000000116e7c       0x68 d:/devkitpro/devkitarm/bin/../lib/gcc/arm-none-eabi/11.2.0/../../../../arm-none-eabi/lib/armv6k/fpu\libg.a(lib_a-fwalk.o)
                0x0000000000116e7c                _fwalk
 .text._fwalk_reent
                0x0000000000116ee4       0x70 d:/devkitpro/devkitarm/bin/../lib/gcc/arm-none-eabi/11.2.0/../../../../arm-none-eabi/lib/armv6k/fpu\libg.a(lib_a-fwalk.o)
                0x0000000000116ee4                _fwalk_reent
 .text.gmtime   0x0000000000116f54       0x20 d:/devkitpro/devkitarm/bin/../lib/gcc/arm-none-eabi/11.2.0/../../../../arm-none-eabi/lib/armv6k/fpu\libg.a(lib_a-gmtime.o)
                0x0000000000116f54                gmtime
 .text.gmtime_r
                0x0000000000116f74      0x250 d:/devkitpro/devkitarm/bin/../lib/gcc/arm-none-eabi/11.2.0/../../../../arm-none-eabi/lib/armv6k/fpu\libg.a(lib_a-gmtime_r.o)
                0x0000000000116f74                gmtime_r
 .text.__libc_init_array
                0x00000000001171c4       0x7c d:/devkitpro/devkitarm/bin/../lib/gcc/arm-none-eabi/11.2.0/../../../../arm-none-eabi/lib/armv6k/fpu\libg.a(lib_a-init.o)
                0x00000000001171c4                __libc_init_array
 .text.itoa     0x0000000000117240       0x54 d:/devkitpro/devkitarm/bin/../lib/gcc/arm-none-eabi/11.2.0/../../../../arm-none-eabi/lib/armv6k/fpu\libg.a(lib_a-itoa.o)
                0x0000000000117240                itoa
 .text.__smakebuf_r
                0x0000000000117294      0x138 d:/devkitpro/devkitarm/bin/../lib/gcc/arm-none-eabi/11.2.0/../../../../arm-none-eabi/lib/armv6k/fpu\libg.a(lib_a-makebuf.o)
                0x0000000000117294                __smakebuf_r
 .text.__swhatbuf_r
                0x00000000001173cc       0x8c d:/devkitpro/devkitarm/bin/../lib/gcc/arm-none-eabi/11.2.0/../../../../arm-none-eabi/lib/armv6k/fpu\libg.a(lib_a-makebuf.o)
                0x00000000001173cc                __swhatbuf_r
 .text.memalign
                0x0000000000117458       0x28 d:/devkitpro/devkitarm/bin/../lib/gcc/arm-none-eabi/11.2.0/../../../../arm-none-eabi/lib/armv6k/fpu\libg.a(lib_a-malign.o)
                0x0000000000117458                memalign
 .text._memalign_r
                0x0000000000117480      0x150 d:/devkitpro/devkitarm/bin/../lib/gcc/arm-none-eabi/11.2.0/../../../../arm-none-eabi/lib/armv6k/fpu\libg.a(lib_a-malignr.o)
                0x0000000000117480                _memalign_r
 .text.malloc   0x00000000001175d0       0x20 d:/devkitpro/devkitarm/bin/../lib/gcc/arm-none-eabi/11.2.0/../../../../arm-none-eabi/lib/armv6k/fpu\libg.a(lib_a-malloc.o)
                0x00000000001175d0                malloc
 .text.free     0x00000000001175f0       0x20 d:/devkitpro/devkitarm/bin/../lib/gcc/arm-none-eabi/11.2.0/../../../../arm-none-eabi/lib/armv6k/fpu\libg.a(lib_a-malloc.o)
                0x00000000001175f0                free
 .text._malloc_r
                0x0000000000117610      0x7e0 d:/devkitpro/devkitarm/bin/../lib/gcc/arm-none-eabi/11.2.0/../../../../arm-none-eabi/lib/armv6k/fpu\libg.a(lib_a-mallocr.o)
                0x0000000000117610                _malloc_r
 .text.memcmp   0x0000000000117df0       0xa8 d:/devkitpro/devkitarm/bin/../lib/gcc/arm-none-eabi/11.2.0/../../../../arm-none-eabi/lib/armv6k/fpu\libg.a(lib_a-memcmp.o)
                0x0000000000117df0                memcmp
 .text.memcpy   0x0000000000117e98      0x11c d:/devkitpro/devkitarm/bin/../lib/gcc/arm-none-eabi/11.2.0/../../../../arm-none-eabi/lib/armv6k/fpu\libg.a(lib_a-memcpy-stub.o)
                0x0000000000117e98                memcpy
 .text.memset   0x0000000000117fb4      0x118 d:/devkitpro/devkitarm/bin/../lib/gcc/arm-none-eabi/11.2.0/../../../../arm-none-eabi/lib/armv6k/fpu\libg.a(lib_a-memset.o)
                0x0000000000117fb4                memset
 .text.__malloc_lock
                0x00000000001180cc        0xc d:/devkitpro/devkitarm/bin/../lib/gcc/arm-none-eabi/11.2.0/../../../../arm-none-eabi/lib/armv6k/fpu\libg.a(lib_a-mlock.o)
                0x00000000001180cc                __malloc_lock
 .text.__malloc_unlock
                0x00000000001180d8        0xc d:/devkitpro/devkitarm/bin/../lib/gcc/arm-none-eabi/11.2.0/../../../../arm-none-eabi/lib/armv6k/fpu\libg.a(lib_a-mlock.o)
                0x00000000001180d8                __malloc_unlock
 .text.qsort    0x00000000001180e4      0x958 d:/devkitpro/devkitarm/bin/../lib/gcc/arm-none-eabi/11.2.0/../../../../arm-none-eabi/lib/armv6k/fpu\libg.a(lib_a-qsort.o)
                0x00000000001180e4                qsort
 .text.srand    0x0000000000118a3c       0x1c d:/devkitpro/devkitarm/bin/../lib/gcc/arm-none-eabi/11.2.0/../../../../arm-none-eabi/lib/armv6k/fpu\libg.a(lib_a-rand.o)
                0x0000000000118a3c                srand
 .text.rand     0x0000000000118a58       0x44 d:/devkitpro/devkitarm/bin/../lib/gcc/arm-none-eabi/11.2.0/../../../../arm-none-eabi/lib/armv6k/fpu\libg.a(lib_a-rand.o)
                0x0000000000118a58                rand
 .text.lflush   0x0000000000118a9c       0x1c d:/devkitpro/devkitarm/bin/../lib/gcc/arm-none-eabi/11.2.0/../../../../arm-none-eabi/lib/armv6k/fpu\libg.a(lib_a-refill.o)
 .text.__srefill_r
                0x0000000000118ab8      0x1ac d:/devkitpro/devkitarm/bin/../lib/gcc/arm-none-eabi/11.2.0/../../../../arm-none-eabi/lib/armv6k/fpu\libg.a(lib_a-refill.o)
                0x0000000000118ab8                __srefill_r
 .text.setvbuf  0x0000000000118c64      0x260 d:/devkitpro/devkitarm/bin/../lib/gcc/arm-none-eabi/11.2.0/../../../../arm-none-eabi/lib/armv6k/fpu\libg.a(lib_a-setvbuf.o)
                0x0000000000118c64                setvbuf
 .text.__sread  0x0000000000118ec4       0x44 d:/devkitpro/devkitarm/bin/../lib/gcc/arm-none-eabi/11.2.0/../../../../arm-none-eabi/lib/armv6k/fpu\libg.a(lib_a-stdio.o)
                0x0000000000118ec4                __sread
 .text.__swrite
                0x0000000000118f08       0x68 d:/devkitpro/devkitarm/bin/../lib/gcc/arm-none-eabi/11.2.0/../../../../arm-none-eabi/lib/armv6k/fpu\libg.a(lib_a-stdio.o)
                0x0000000000118f08                __swrite
 .text.__sseek  0x0000000000118f70       0x48 d:/devkitpro/devkitarm/bin/../lib/gcc/arm-none-eabi/11.2.0/../../../../arm-none-eabi/lib/armv6k/fpu\libg.a(lib_a-stdio.o)
                0x0000000000118f70                __sseek
 .text.__sclose
                0x0000000000118fb8        0x8 d:/devkitpro/devkitarm/bin/../lib/gcc/arm-none-eabi/11.2.0/../../../../arm-none-eabi/lib/armv6k/fpu\libg.a(lib_a-stdio.o)
                0x0000000000118fb8                __sclose
 .text.strchr   0x0000000000118fc0      0x12c d:/devkitpro/devkitarm/bin/../lib/gcc/arm-none-eabi/11.2.0/../../../../arm-none-eabi/lib/armv6k/fpu\libg.a(lib_a-strchr.o)
                0x0000000000118fc0                strchr
 .text.strlen   0x00000000001190ec       0x5c d:/devkitpro/devkitarm/bin/../lib/gcc/arm-none-eabi/11.2.0/../../../../arm-none-eabi/lib/armv6k/fpu\libg.a(lib_a-strlen-stub.o)
                0x00000000001190ec                strlen
 .text.strncat  0x0000000000119148       0xec d:/devkitpro/devkitarm/bin/../lib/gcc/arm-none-eabi/11.2.0/../../../../arm-none-eabi/lib/armv6k/fpu\libg.a(lib_a-strncat.o)
                0x0000000000119148                strncat
 .text.strncmp  0x0000000000119234       0xdc d:/devkitpro/devkitarm/bin/../lib/gcc/arm-none-eabi/11.2.0/../../../../arm-none-eabi/lib/armv6k/fpu\libg.a(lib_a-strncmp.o)
                0x0000000000119234                strncmp
 .text.strncpy  0x0000000000119310       0xc0 d:/devkitpro/devkitarm/bin/../lib/gcc/arm-none-eabi/11.2.0/../../../../arm-none-eabi/lib/armv6k/fpu\libg.a(lib_a-strncpy.o)
                0x0000000000119310                strncpy
 .text.strnlen  0x00000000001193d0       0x48 d:/devkitpro/devkitarm/bin/../lib/gcc/arm-none-eabi/11.2.0/../../../../arm-none-eabi/lib/armv6k/fpu\libg.a(lib_a-strnlen.o)
                0x00000000001193d0                strnlen
 .text._strtoul_l.constprop.0
                0x0000000000119418      0x1c4 d:/devkitpro/devkitarm/bin/../lib/gcc/arm-none-eabi/11.2.0/../../../../arm-none-eabi/lib/armv6k/fpu\libg.a(lib_a-strtoul.o)
 .text.strtoul  0x00000000001195dc       0x30 d:/devkitpro/devkitarm/bin/../lib/gcc/arm-none-eabi/11.2.0/../../../../arm-none-eabi/lib/armv6k/fpu\libg.a(lib_a-strtoul.o)
                0x00000000001195dc                strtoul
 .text.time     0x000000000011960c       0x3c d:/devkitpro/devkitarm/bin/../lib/gcc/arm-none-eabi/11.2.0/../../../../arm-none-eabi/lib/armv6k/fpu\libg.a(lib_a-time.o)
                0x000000000011960c                time
 .text.__utoa   0x0000000000119648       0xe4 d:/devkitpro/devkitarm/bin/../lib/gcc/arm-none-eabi/11.2.0/../../../../arm-none-eabi/lib/armv6k/fpu\libg.a(lib_a-utoa.o)
                0x0000000000119648                __utoa
 .text.__call_exitprocs
                0x000000000011972c      0x114 d:/devkitpro/devkitarm/bin/../lib/gcc/arm-none-eabi/11.2.0/../../../../arm-none-eabi/lib/armv6k/fpu\libg.a(lib_a-__call_atexit.o)
                0x000000000011972c                __call_exitprocs
 .text.__sflags
                0x0000000000119840       0xcc d:/devkitpro/devkitarm/bin/../lib/gcc/arm-none-eabi/11.2.0/../../../../arm-none-eabi/lib/armv6k/fpu\libg.a(lib_a-flags.o)
                0x0000000000119840                __sflags
 .text.null_write
                0x000000000011990c        0x8 d:/devkitpro/devkitarm/bin/../lib/gcc/arm-none-eabi/11.2.0/../../../../arm-none-eabi/lib/armv6k/fpu\libsysbase.a(iosupport.o)
 .text.setDefaultDevice
                0x0000000000119914       0x18 d:/devkitpro/devkitarm/bin/../lib/gcc/arm-none-eabi/11.2.0/../../../../arm-none-eabi/lib/armv6k/fpu\libsysbase.a(iosupport.o)
                0x0000000000119914                setDefaultDevice
 .text.FindDevice
                0x000000000011992c       0xc8 d:/devkitpro/devkitarm/bin/../lib/gcc/arm-none-eabi/11.2.0/../../../../arm-none-eabi/lib/armv6k/fpu\libsysbase.a(iosupport.o)
                0x000000000011992c                FindDevice
 .text.RemoveDevice
                0x00000000001199f4       0x28 d:/devkitpro/devkitarm/bin/../lib/gcc/arm-none-eabi/11.2.0/../../../../arm-none-eabi/lib/armv6k/fpu\libsysbase.a(iosupport.o)
                0x00000000001199f4                RemoveDevice
 .text.AddDevice
                0x0000000000119a1c       0x9c d:/devkitpro/devkitarm/bin/../lib/gcc/arm-none-eabi/11.2.0/../../../../arm-none-eabi/lib/armv6k/fpu\libsysbase.a(iosupport.o)
                0x0000000000119a1c                AddDevice
 .text.GetDeviceOpTab
                0x0000000000119ab8       0x20 d:/devkitpro/devkitarm/bin/../lib/gcc/arm-none-eabi/11.2.0/../../../../arm-none-eabi/lib/armv6k/fpu\libsysbase.a(iosupport.o)
                0x0000000000119ab8                GetDeviceOpTab
 .text._fstat_r
                0x0000000000119ad8       0x78 d:/devkitpro/devkitarm/bin/../lib/gcc/arm-none-eabi/11.2.0/../../../../arm-none-eabi/lib/armv6k/fpu\libsysbase.a(fstat.o)
                0x0000000000119ad8                _fstat_r
 .text._gettimeofday_r
                0x0000000000119b50       0x30 d:/devkitpro/devkitarm/bin/../lib/gcc/arm-none-eabi/11.2.0/../../../../arm-none-eabi/lib/armv6k/fpu\libsysbase.a(gettod.o)
                0x0000000000119b50                _gettimeofday_r
 .text._isatty_r
                0x0000000000119b80        0x8 d:/devkitpro/devkitarm/bin/../lib/gcc/arm-none-eabi/11.2.0/../../../../arm-none-eabi/lib/armv6k/fpu\libsysbase.a(isatty.o)
                0x0000000000119b80                _isatty_r
 .text._lseek_r
                0x0000000000119b88       0x84 d:/devkitpro/devkitarm/bin/../lib/gcc/arm-none-eabi/11.2.0/../../../../arm-none-eabi/lib/armv6k/fpu\libsysbase.a(lseek.o)
                0x0000000000119b88                _lseek_r
 .text._open_r  0x0000000000119c0c       0xc8 d:/devkitpro/devkitarm/bin/../lib/gcc/arm-none-eabi/11.2.0/../../../../arm-none-eabi/lib/armv6k/fpu\libsysbase.a(open.o)
                0x0000000000119c0c                _open_r
 .text._read_r  0x0000000000119cd4       0x80 d:/devkitpro/devkitarm/bin/../lib/gcc/arm-none-eabi/11.2.0/../../../../arm-none-eabi/lib/armv6k/fpu\libsysbase.a(read.o)
                0x0000000000119cd4                _read_r
 .text._sbrk_r  0x0000000000119d54       0x78 d:/devkitpro/devkitarm/bin/../lib/gcc/arm-none-eabi/11.2.0/../../../../arm-none-eabi/lib/armv6k/fpu\libsysbase.a(sbrk.o)
                0x0000000000119d54                _sbrk_r
 .text._write_r
                0x0000000000119dcc       0x80 d:/devkitpro/devkitarm/bin/../lib/gcc/arm-none-eabi/11.2.0/../../../../arm-none-eabi/lib/armv6k/fpu\libsysbase.a(write.o)
                0x0000000000119dcc                _write_r
 .text._exit    0x0000000000119e4c       0x20 d:/devkitpro/devkitarm/bin/../lib/gcc/arm-none-eabi/11.2.0/../../../../arm-none-eabi/lib/armv6k/fpu\libsysbase.a(_exit.o)
                0x0000000000119e4c                _exit
 .text._concatenate_path
                0x0000000000119e6c      0x1b8 d:/devkitpro/devkitarm/bin/../lib/gcc/arm-none-eabi/11.2.0/../../../../arm-none-eabi/lib/armv6k/fpu\libsysbase.a(chdir.o)
                0x0000000000119e6c                _concatenate_path
 .text.chdir    0x000000000011a024      0x160 d:/devkitpro/devkitarm/bin/../lib/gcc/arm-none-eabi/11.2.0/../../../../arm-none-eabi/lib/armv6k/fpu\libsysbase.a(chdir.o)
                0x000000000011a024                chdir
 .text.__flockfile
                0x000000000011a184        0x8 d:/devkitpro/devkitarm/bin/../lib/gcc/arm-none-eabi/11.2.0/../../../../arm-none-eabi/lib/armv6k/fpu\libsysbase.a(flock.o)
                0x000000000011a184                __flockfile
 .text.__funlockfile
                0x000000000011a18c        0x8 d:/devkitpro/devkitarm/bin/../lib/gcc/arm-none-eabi/11.2.0/../../../../arm-none-eabi/lib/armv6k/fpu\libsysbase.a(flock.o)
                0x000000000011a18c                __funlockfile
 .text.__release_handle
                0x000000000011a194       0x8c d:/devkitpro/devkitarm/bin/../lib/gcc/arm-none-eabi/11.2.0/../../../../arm-none-eabi/lib/armv6k/fpu\libsysbase.a(handle_manager.o)
                0x000000000011a194                __release_handle
 .text.__alloc_handle
                0x000000000011a220       0xb4 d:/devkitpro/devkitarm/bin/../lib/gcc/arm-none-eabi/11.2.0/../../../../arm-none-eabi/lib/armv6k/fpu\libsysbase.a(handle_manager.o)
                0x000000000011a220                __alloc_handle
 .text.__get_handle